2025-08-20 10:11:11,027 INFO: 
                ____                _       _____  ____
               / __ ) ____ _ _____ (_)_____/ ___/ / __ \
              / __  |/ __ `// ___// // ___/\__ \ / /_/ /
             / /_/ // /_/ /(__  )/ // /__ ___/ // _, _/
            /_____/ \__,_//____//_/ \___//____//_/ |_|
     ______                   __   __                 __      __
    / ____/____   ____   ____/ /  / /   __  __ _____ / /__   / /
   / / __ / __ \ / __ \ / __  /  / /   / / / // ___// //_/  / /
  / /_/ // /_/ // /_/ // /_/ /  / /___/ /_/ // /__ / /<    /_/
  \____/ \____/ \____/ \____/  /_____/\____/ \___//_/|_|  (_)
    
Version Information: 
	BasicSR: 1.4.2
	PyTorch: 1.12.1+cu116
	TorchVision: 0.13.1+cu116
2025-08-20 10:11:11,027 INFO: 
  name: Uformer_climate_baseline_7to1_64x64
  model_type: SimpleClimateModel
  scale: 4
  num_gpu: 2
  manual_seed: 0
  fp16: True
  datasets:[
    train:[
      name: climate_train
      type: ClimateDataset
      phase: train
      dataroot_gt: /home/lyb/diffusion/main2 copy/dataset
      normalize: True
      input_channels: 3
      input_channel_indices: [0, 1, 2]
      use_topo: False
      use_shuffle: True
      num_worker_per_gpu: 1
      batch_size_per_gpu: 20
      prefetch_mode: None
      scale: 4
    ]
    val:[
      name: climate_val
      type: ClimateDataset
      phase: val
      dataroot_gt: /home/lyb/diffusion/main2 copy/dataset
      normalize: True
      input_channels: 3
      input_channel_indices: [0, 1, 2]
      use_topo: False
      scale: 4
    ]
  ]
  network_g:[
    type: ClimateUformer
    add_hgt: False
    num_in_ch: 3
    num_out_ch: 1
    upscale: 4
    img_size: 16
    embed_dim: 128
    depths: [2, 2, 2, 2, 2]
    num_heads: [4, 8, 16, 16, 8]
    window_size: 4
    mlp_ratio: 4
    qkv_bias: True
    drop_rate: 0.0
    attn_drop_rate: 0.0
    drop_path_rate: 0.1
    patch_norm: True
    use_checkpoint: False
    token_projection: linear
    token_mlp: leff
    activation: none
  ]
  path:[
    pretrain_network_g: None
    strict_load_g: True
    resume_state: None
    experiments_root: /home/lyb/diffusion/main2 copy/TransfomerDownscaling-main/experiments/Uformer_climate_baseline_7to1_64x64
    models: /home/lyb/diffusion/main2 copy/TransfomerDownscaling-main/experiments/Uformer_climate_baseline_7to1_64x64/models
    training_states: /home/lyb/diffusion/main2 copy/TransfomerDownscaling-main/experiments/Uformer_climate_baseline_7to1_64x64/training_states
    log: /home/lyb/diffusion/main2 copy/TransfomerDownscaling-main/experiments/Uformer_climate_baseline_7to1_64x64
    visualization: /home/lyb/diffusion/main2 copy/TransfomerDownscaling-main/experiments/Uformer_climate_baseline_7to1_64x64/visualization
  ]
  train:[
    optim_g:[
      type: Adam
      lr: 5e-05
      betas: [0.9, 0.99]
      weight_decay: 1e-06
    ]
    scheduler:[
      type: MultiStepLR
      milestones: [5000, 10000, 15000, 20000]
      gamma: 0.8
    ]
    total_iter: 73060
    warmup_iter: 500
    pixel_opt:[
      type: CharbonnierLoss
      loss_weight: 1.0
      reduction: mean
      eps: 0.001
    ]
  ]
  val:[
    val_freq: 10000
    save_img: False
    pbar: True
    metrics:[
      psnr:[
        type: calculate_psnr
        crop_border: 0
        test_y_channel: False
        better: higher
      ]
      ssim:[
        type: calculate_ssim
        crop_border: 0
        test_y_channel: False
        better: higher
      ]
      mae:[
        type: calculate_climate_mae
        crop_border: 0
        better: lower
      ]
      mse:[
        type: calculate_climate_mse
        crop_border: 0
        better: lower
      ]
      acc:[
        type: calculate_climate_acc_tiles
        crop_border: 0
        better: higher
      ]
      psd:[
        type: calculate_climate_psd_log
        crop_border: 0
        better: lower
      ]
    ]
  ]
  logger:[
    print_freq: 500
    save_checkpoint_freq: 10000
    use_tb_logger: True
    wandb:[
    ]
  ]
  dist_params:[
    backend: nccl
    port: 29500
  ]
  dist: False
  rank: 0
  world_size: 1
  auto_resume: False
  is_train: True
  root_path: /home/lyb/diffusion/main2 copy/TransfomerDownscaling-main

2025-08-20 10:11:11,162 INFO: Loading data from /home/lyb/diffusion/main2 copy/dataset/dict_s2s_train.pt
2025-08-20 10:11:21,485 INFO: Detected legacy in-memory tensor dataset format.
2025-08-20 10:11:21,486 INFO: LR_input shape (raw): (3, 87672, 16, 16)
2025-08-20 10:11:21,487 INFO: HR_target shape (raw): (3, 87672, 64, 64)
2025-08-20 10:11:21,487 INFO: HR_topo shape: (2, 64, 64)
2025-08-20 10:11:23,032 INFO: Unified LR shape [N,C,H,W]: (87672, 3, 16, 16)
2025-08-20 10:11:23,033 INFO: Unified HR shape [N,1,H,W]: (87672, 1, 64, 64)
2025-08-20 10:11:25,110 INFO: LR mean: tensor([-0.3224, -0.0165,  0.7150])
2025-08-20 10:11:25,111 INFO: LR std: tensor([1.1106, 0.9532, 0.3245])
2025-08-20 10:11:25,112 INFO: HR mean: -0.3548726439476013
2025-08-20 10:11:25,112 INFO: HR std: 1.097210168838501
2025-08-20 10:11:26,651 INFO: Dataset [ClimateDataset] - climate_train is built.
2025-08-20 10:11:26,653 INFO: Training statistics:
	Number of train images: 87672
	Dataset enlarge ratio: 1
	Batch size per gpu: 20
	World size (gpu number): 1
	Require iter number per epoch: 4384
	Total epochs: 17; iters: 73060.
2025-08-20 10:11:26,654 INFO: Loading data from /home/lyb/diffusion/main2 copy/dataset/dict_s2s_val.pt
2025-08-20 10:11:27,662 INFO: Detected legacy in-memory tensor dataset format.
2025-08-20 10:11:27,663 INFO: LR_input shape (raw): (3, 8760, 16, 16)
2025-08-20 10:11:27,663 INFO: HR_target shape (raw): (3, 8760, 64, 64)
2025-08-20 10:11:27,663 INFO: HR_topo shape: (2, 64, 64)
2025-08-20 10:11:27,933 INFO: Unified LR shape [N,C,H,W]: (8760, 3, 16, 16)
2025-08-20 10:11:27,934 INFO: Unified HR shape [N,1,H,W]: (8760, 1, 64, 64)
2025-08-20 10:11:28,153 INFO: LR mean: tensor([-0.3108, -0.0110,  0.7089])
2025-08-20 10:11:28,156 INFO: LR std: tensor([1.1441, 0.9277, 0.3185])
2025-08-20 10:11:28,157 INFO: HR mean: -0.34806132316589355
2025-08-20 10:11:28,157 INFO: HR std: 1.1247708797454834
2025-08-20 10:11:28,305 INFO: Dataset [ClimateDataset] - climate_val is built.
2025-08-20 10:11:28,306 INFO: Number of val images/folders in climate_val: 8760
2025-08-20 10:11:29,608 INFO: Network [ClimateUformer] is created.
2025-08-20 10:11:33,231 INFO: Network: DataParallel - ClimateUformer, with parameters: 20,675,945
2025-08-20 10:11:33,232 INFO: ClimateUformer(
  (conv_first): Conv2d(3, 128, kernel_size=(3, 3), stride=(1, 1), padding=(1, 1))
  (reconstruction_network): MyUformer_depth5(
    embed_dim=128, token_projection=linear, token_mlp=leff,win_size=4
    (pos_drop): Dropout(p=0.0, inplace=False)
    (input_proj): InputProj(
      (proj): Sequential(
        (0): Conv2d(128, 128, kernel_size=(3, 3), stride=(1, 1), padding=(1, 1))
        (1): LeakyReLU(negative_slope=0.01, inplace=True)
      )
    )
    (output_proj): OutputProj(
      (proj): Sequential(
        (0): Conv2d(256, 128, kernel_size=(3, 3), stride=(1, 1), padding=(1, 1))
      )
    )
    (encoderlayer_0): BasicUformerLayer(
      dim=128, input_resolution=(16, 16), depth=2
      (blocks): ModuleList(
        (0): LeWinTransformerBlock(
          dim=128, input_resolution=(16, 16), num_heads=4, win_size=4, shift_size=0, mlp_ratio=4
          (norm1): LayerNorm((128,), eps=1e-05, elementwise_affine=True)
          (attn): WindowAttention(
            dim=128, win_size=(4, 4), num_heads=4
            (qkv): LinearProjection(
              (to_q): Linear(in_features=128, out_features=128, bias=True)
              (to_kv): Linear(in_features=128, out_features=256, bias=True)
            )
            (attn_drop): Dropout(p=0.0, inplace=False)
            (proj): Linear(in_features=128, out_features=128, bias=True)
            (se_layer): Identity()
            (proj_drop): Dropout(p=0.0, inplace=False)
            (softmax): Softmax(dim=-1)
          )
          (drop_path): Identity()
          (norm2): LayerNorm((128,), eps=1e-05, elementwise_affine=True)
          (mlp): LeFF(
            (linear1): Sequential(
              (0): Linear(in_features=128, out_features=512, bias=True)
              (1): GELU(approximate=none)
            )
            (dwconv): Sequential(
              (0): Conv2d(512, 512, kernel_size=(3, 3), stride=(1, 1), padding=(1, 1), groups=512)
              (1): GELU(approximate=none)
            )
            (linear2): Sequential(
              (0): Linear(in_features=512, out_features=128, bias=True)
            )
          )
        )
        (1): LeWinTransformerBlock(
          dim=128, input_resolution=(16, 16), num_heads=4, win_size=4, shift_size=2, mlp_ratio=4
          (norm1): LayerNorm((128,), eps=1e-05, elementwise_affine=True)
          (attn): WindowAttention(
            dim=128, win_size=(4, 4), num_heads=4
            (qkv): LinearProjection(
              (to_q): Linear(in_features=128, out_features=128, bias=True)
              (to_kv): Linear(in_features=128, out_features=256, bias=True)
            )
            (attn_drop): Dropout(p=0.0, inplace=False)
            (proj): Linear(in_features=128, out_features=128, bias=True)
            (se_layer): Identity()
            (proj_drop): Dropout(p=0.0, inplace=False)
            (softmax): Softmax(dim=-1)
          )
          (drop_path): DropPath(drop_prob=0.033)
          (norm2): LayerNorm((128,), eps=1e-05, elementwise_affine=True)
          (mlp): LeFF(
            (linear1): Sequential(
              (0): Linear(in_features=128, out_features=512, bias=True)
              (1): GELU(approximate=none)
            )
            (dwconv): Sequential(
              (0): Conv2d(512, 512, kernel_size=(3, 3), stride=(1, 1), padding=(1, 1), groups=512)
              (1): GELU(approximate=none)
            )
            (linear2): Sequential(
              (0): Linear(in_features=512, out_features=128, bias=True)
            )
          )
        )
      )
    )
    (dowsample_0): Downsample(
      (conv): Sequential(
        (0): Conv2d(128, 256, kernel_size=(4, 4), stride=(2, 2), padding=(1, 1))
      )
    )
    (encoderlayer_1): BasicUformerLayer(
      dim=256, input_resolution=(8, 8), depth=2
      (blocks): ModuleList(
        (0): LeWinTransformerBlock(
          dim=256, input_resolution=(8, 8), num_heads=8, win_size=4, shift_size=0, mlp_ratio=4
          (norm1): LayerNorm((256,), eps=1e-05, elementwise_affine=True)
          (attn): WindowAttention(
            dim=256, win_size=(4, 4), num_heads=8
            (qkv): LinearProjection(
              (to_q): Linear(in_features=256, out_features=256, bias=True)
              (to_kv): Linear(in_features=256, out_features=512, bias=True)
            )
            (attn_drop): Dropout(p=0.0, inplace=False)
            (proj): Linear(in_features=256, out_features=256, bias=True)
            (se_layer): Identity()
            (proj_drop): Dropout(p=0.0, inplace=False)
            (softmax): Softmax(dim=-1)
          )
          (drop_path): DropPath(drop_prob=0.067)
          (norm2): LayerNorm((256,), eps=1e-05, elementwise_affine=True)
          (mlp): LeFF(
            (linear1): Sequential(
              (0): Linear(in_features=256, out_features=1024, bias=True)
              (1): GELU(approximate=none)
            )
            (dwconv): Sequential(
              (0): Conv2d(1024, 1024, kernel_size=(3, 3), stride=(1, 1), padding=(1, 1), groups=1024)
              (1): GELU(approximate=none)
            )
            (linear2): Sequential(
              (0): Linear(in_features=1024, out_features=256, bias=True)
            )
          )
        )
        (1): LeWinTransformerBlock(
          dim=256, input_resolution=(8, 8), num_heads=8, win_size=4, shift_size=2, mlp_ratio=4
          (norm1): LayerNorm((256,), eps=1e-05, elementwise_affine=True)
          (attn): WindowAttention(
            dim=256, win_size=(4, 4), num_heads=8
            (qkv): LinearProjection(
              (to_q): Linear(in_features=256, out_features=256, bias=True)
              (to_kv): Linear(in_features=256, out_features=512, bias=True)
            )
            (attn_drop): Dropout(p=0.0, inplace=False)
            (proj): Linear(in_features=256, out_features=256, bias=True)
            (se_layer): Identity()
            (proj_drop): Dropout(p=0.0, inplace=False)
            (softmax): Softmax(dim=-1)
          )
          (drop_path): DropPath(drop_prob=0.100)
          (norm2): LayerNorm((256,), eps=1e-05, elementwise_affine=True)
          (mlp): LeFF(
            (linear1): Sequential(
              (0): Linear(in_features=256, out_features=1024, bias=True)
              (1): GELU(approximate=none)
            )
            (dwconv): Sequential(
              (0): Conv2d(1024, 1024, kernel_size=(3, 3), stride=(1, 1), padding=(1, 1), groups=1024)
              (1): GELU(approximate=none)
            )
            (linear2): Sequential(
              (0): Linear(in_features=1024, out_features=256, bias=True)
            )
          )
        )
      )
    )
    (dowsample_1): Downsample(
      (conv): Sequential(
        (0): Conv2d(256, 512, kernel_size=(4, 4), stride=(2, 2), padding=(1, 1))
      )
    )
    (conv): BasicUformerLayer(
      dim=512, input_resolution=(4, 4), depth=2
      (blocks): ModuleList(
        (0): LeWinTransformerBlock(
          dim=512, input_resolution=(4, 4), num_heads=16, win_size=4, shift_size=0, mlp_ratio=4
          (norm1): LayerNorm((512,), eps=1e-05, elementwise_affine=True)
          (attn): WindowAttention(
            dim=512, win_size=(4, 4), num_heads=16
            (qkv): LinearProjection(
              (to_q): Linear(in_features=512, out_features=512, bias=True)
              (to_kv): Linear(in_features=512, out_features=1024, bias=True)
            )
            (attn_drop): Dropout(p=0.0, inplace=False)
            (proj): Linear(in_features=512, out_features=512, bias=True)
            (se_layer): Identity()
            (proj_drop): Dropout(p=0.0, inplace=False)
            (softmax): Softmax(dim=-1)
          )
          (drop_path): DropPath(drop_prob=0.100)
          (norm2): LayerNorm((512,), eps=1e-05, elementwise_affine=True)
          (mlp): LeFF(
            (linear1): Sequential(
              (0): Linear(in_features=512, out_features=2048, bias=True)
              (1): GELU(approximate=none)
            )
            (dwconv): Sequential(
              (0): Conv2d(2048, 2048, kernel_size=(3, 3), stride=(1, 1), padding=(1, 1), groups=2048)
              (1): GELU(approximate=none)
            )
            (linear2): Sequential(
              (0): Linear(in_features=2048, out_features=512, bias=True)
            )
          )
        )
        (1): LeWinTransformerBlock(
          dim=512, input_resolution=(4, 4), num_heads=16, win_size=4, shift_size=0, mlp_ratio=4
          (norm1): LayerNorm((512,), eps=1e-05, elementwise_affine=True)
          (attn): WindowAttention(
            dim=512, win_size=(4, 4), num_heads=16
            (qkv): LinearProjection(
              (to_q): Linear(in_features=512, out_features=512, bias=True)
              (to_kv): Linear(in_features=512, out_features=1024, bias=True)
            )
            (attn_drop): Dropout(p=0.0, inplace=False)
            (proj): Linear(in_features=512, out_features=512, bias=True)
            (se_layer): Identity()
            (proj_drop): Dropout(p=0.0, inplace=False)
            (softmax): Softmax(dim=-1)
          )
          (drop_path): DropPath(drop_prob=0.100)
          (norm2): LayerNorm((512,), eps=1e-05, elementwise_affine=True)
          (mlp): LeFF(
            (linear1): Sequential(
              (0): Linear(in_features=512, out_features=2048, bias=True)
              (1): GELU(approximate=none)
            )
            (dwconv): Sequential(
              (0): Conv2d(2048, 2048, kernel_size=(3, 3), stride=(1, 1), padding=(1, 1), groups=2048)
              (1): GELU(approximate=none)
            )
            (linear2): Sequential(
              (0): Linear(in_features=2048, out_features=512, bias=True)
            )
          )
        )
      )
    )
    (upsample_0): Upsample(
      (deconv): Sequential(
        (0): ConvTranspose2d(512, 256, kernel_size=(2, 2), stride=(2, 2))
      )
    )
    (decoderlayer_0): BasicUformerLayer(
      dim=512, input_resolution=(8, 8), depth=2
      (blocks): ModuleList(
        (0): LeWinTransformerBlock(
          dim=512, input_resolution=(8, 8), num_heads=16, win_size=4, shift_size=0, mlp_ratio=4
          (norm1): LayerNorm((512,), eps=1e-05, elementwise_affine=True)
          (attn): WindowAttention(
            dim=512, win_size=(4, 4), num_heads=16
            (qkv): LinearProjection(
              (to_q): Linear(in_features=512, out_features=512, bias=True)
              (to_kv): Linear(in_features=512, out_features=1024, bias=True)
            )
            (attn_drop): Dropout(p=0.0, inplace=False)
            (proj): Linear(in_features=512, out_features=512, bias=True)
            (se_layer): Identity()
            (proj_drop): Dropout(p=0.0, inplace=False)
            (softmax): Softmax(dim=-1)
          )
          (drop_path): DropPath(drop_prob=0.100)
          (norm2): LayerNorm((512,), eps=1e-05, elementwise_affine=True)
          (mlp): LeFF(
            (linear1): Sequential(
              (0): Linear(in_features=512, out_features=2048, bias=True)
              (1): GELU(approximate=none)
            )
            (dwconv): Sequential(
              (0): Conv2d(2048, 2048, kernel_size=(3, 3), stride=(1, 1), padding=(1, 1), groups=2048)
              (1): GELU(approximate=none)
            )
            (linear2): Sequential(
              (0): Linear(in_features=2048, out_features=512, bias=True)
            )
          )
        )
        (1): LeWinTransformerBlock(
          dim=512, input_resolution=(8, 8), num_heads=16, win_size=4, shift_size=2, mlp_ratio=4
          (norm1): LayerNorm((512,), eps=1e-05, elementwise_affine=True)
          (attn): WindowAttention(
            dim=512, win_size=(4, 4), num_heads=16
            (qkv): LinearProjection(
              (to_q): Linear(in_features=512, out_features=512, bias=True)
              (to_kv): Linear(in_features=512, out_features=1024, bias=True)
            )
            (attn_drop): Dropout(p=0.0, inplace=False)
            (proj): Linear(in_features=512, out_features=512, bias=True)
            (se_layer): Identity()
            (proj_drop): Dropout(p=0.0, inplace=False)
            (softmax): Softmax(dim=-1)
          )
          (drop_path): DropPath(drop_prob=0.067)
          (norm2): LayerNorm((512,), eps=1e-05, elementwise_affine=True)
          (mlp): LeFF(
            (linear1): Sequential(
              (0): Linear(in_features=512, out_features=2048, bias=True)
              (1): GELU(approximate=none)
            )
            (dwconv): Sequential(
              (0): Conv2d(2048, 2048, kernel_size=(3, 3), stride=(1, 1), padding=(1, 1), groups=2048)
              (1): GELU(approximate=none)
            )
            (linear2): Sequential(
              (0): Linear(in_features=2048, out_features=512, bias=True)
            )
          )
        )
      )
    )
    (upsample_1): Upsample(
      (deconv): Sequential(
        (0): ConvTranspose2d(512, 128, kernel_size=(2, 2), stride=(2, 2))
      )
    )
    (decoderlayer_1): BasicUformerLayer(
      dim=256, input_resolution=(16, 16), depth=2
      (blocks): ModuleList(
        (0): LeWinTransformerBlock(
          dim=256, input_resolution=(16, 16), num_heads=8, win_size=4, shift_size=0, mlp_ratio=4
          (norm1): LayerNorm((256,), eps=1e-05, elementwise_affine=True)
          (attn): WindowAttention(
            dim=256, win_size=(4, 4), num_heads=8
            (qkv): LinearProjection(
              (to_q): Linear(in_features=256, out_features=256, bias=True)
              (to_kv): Linear(in_features=256, out_features=512, bias=True)
            )
            (attn_drop): Dropout(p=0.0, inplace=False)
            (proj): Linear(in_features=256, out_features=256, bias=True)
            (se_layer): Identity()
            (proj_drop): Dropout(p=0.0, inplace=False)
            (softmax): Softmax(dim=-1)
          )
          (drop_path): DropPath(drop_prob=0.033)
          (norm2): LayerNorm((256,), eps=1e-05, elementwise_affine=True)
          (mlp): LeFF(
            (linear1): Sequential(
              (0): Linear(in_features=256, out_features=1024, bias=True)
              (1): GELU(approximate=none)
            )
            (dwconv): Sequential(
              (0): Conv2d(1024, 1024, kernel_size=(3, 3), stride=(1, 1), padding=(1, 1), groups=1024)
              (1): GELU(approximate=none)
            )
            (linear2): Sequential(
              (0): Linear(in_features=1024, out_features=256, bias=True)
            )
          )
        )
        (1): LeWinTransformerBlock(
          dim=256, input_resolution=(16, 16), num_heads=8, win_size=4, shift_size=2, mlp_ratio=4
          (norm1): LayerNorm((256,), eps=1e-05, elementwise_affine=True)
          (attn): WindowAttention(
            dim=256, win_size=(4, 4), num_heads=8
            (qkv): LinearProjection(
              (to_q): Linear(in_features=256, out_features=256, bias=True)
              (to_kv): Linear(in_features=256, out_features=512, bias=True)
            )
            (attn_drop): Dropout(p=0.0, inplace=False)
            (proj): Linear(in_features=256, out_features=256, bias=True)
            (se_layer): Identity()
            (proj_drop): Dropout(p=0.0, inplace=False)
            (softmax): Softmax(dim=-1)
          )
          (drop_path): Identity()
          (norm2): LayerNorm((256,), eps=1e-05, elementwise_affine=True)
          (mlp): LeFF(
            (linear1): Sequential(
              (0): Linear(in_features=256, out_features=1024, bias=True)
              (1): GELU(approximate=none)
            )
            (dwconv): Sequential(
              (0): Conv2d(1024, 1024, kernel_size=(3, 3), stride=(1, 1), padding=(1, 1), groups=1024)
              (1): GELU(approximate=none)
            )
            (linear2): Sequential(
              (0): Linear(in_features=1024, out_features=256, bias=True)
            )
          )
        )
      )
    )
  )
  (conv_before_upsample): Sequential(
    (0): Conv2d(128, 64, kernel_size=(3, 3), stride=(1, 1), padding=(1, 1))
    (1): LeakyReLU(negative_slope=0.01, inplace=True)
  )
  (upsample): Upsample(
    (0): Conv2d(64, 256, kernel_size=(3, 3), stride=(1, 1), padding=(1, 1))
    (1): PixelShuffle(upscale_factor=2)
    (2): Conv2d(64, 256, kernel_size=(3, 3), stride=(1, 1), padding=(1, 1))
    (3): PixelShuffle(upscale_factor=2)
  )
  (conv_after_body): Conv2d(128, 128, kernel_size=(3, 3), stride=(1, 1), padding=(1, 1))
  (conv_last): Conv2d(64, 1, kernel_size=(3, 3), stride=(1, 1), padding=(1, 1))
  (act): Activation()
)
2025-08-20 10:11:33,238 INFO: Loss [CharbonnierLoss] is created.
2025-08-20 10:11:33,240 INFO: Enable amp training: True
2025-08-20 10:11:33,241 INFO: Model [SimpleClimateModel] is created.
2025-08-20 10:11:34,538 INFO: Start training from epoch: 0, iter: 0
2025-08-20 10:14:55,582 INFO: [Uform..][epoch:  0, iter:     500, lr:(4.990e-05,)] [eta: 7:03:42, time (data): 0.403 (0.006)] l_pix: 1.5299e-01 
2025-08-20 10:16:57,308 INFO: [Uform..][epoch:  0, iter:   1,000, lr:(4.990e-05,)] [eta: 5:56:39, time (data): 0.228 (0.004)] l_pix: 1.2131e-01 
2025-08-20 10:18:59,259 INFO: [Uform..][epoch:  0, iter:   1,500, lr:(4.990e-05,)] [eta: 5:33:05, time (data): 0.287 (0.004)] l_pix: 1.0926e-01 
2025-08-20 10:21:53,213 INFO: [Uform..][epoch:  0, iter:   2,000, lr:(4.990e-05,)] [eta: 5:51:04, time (data): 0.335 (0.006)] l_pix: 1.0497e-01 
2025-08-20 10:24:18,417 INFO: [Uform..][epoch:  1, iter:   2,500, lr:(4.990e-05,)] [eta: 5:47:11, time (data): 0.234 (0.004)] l_pix: 1.0390e-01 
2025-08-20 10:26:15,585 INFO: [Uform..][epoch:  1, iter:   3,000, lr:(4.990e-05,)] [eta: 5:32:52, time (data): 0.228 (0.004)] l_pix: 9.8539e-02 
2025-08-20 10:28:59,099 INFO: [Uform..][epoch:  1, iter:   3,500, lr:(4.990e-05,)] [eta: 5:37:26, time (data): 0.364 (0.006)] l_pix: 1.0097e-01 
2025-08-20 10:31:47,269 INFO: [Uform..][epoch:  1, iter:   4,000, lr:(4.990e-05,)] [eta: 5:41:31, time (data): 0.332 (0.006)] l_pix: 9.6997e-02 
2025-08-20 10:34:37,007 INFO: [Uform..][epoch:  2, iter:   4,500, lr:(4.990e-05,)] [eta: 5:44:29, time (data): 0.313 (0.005)] l_pix: 9.5151e-02 
2025-08-20 10:37:58,109 INFO: [Uform..][epoch:  2, iter:   5,000, lr:(4.990e-05,)] [eta: 5:53:23, time (data): 0.454 (0.008)] l_pix: 9.5053e-02 
2025-08-20 10:41:17,626 INFO: [Uform..][epoch:  2, iter:   5,500, lr:(3.992e-05,)] [eta: 5:59:45, time (data): 0.337 (0.005)] l_pix: 9.3579e-02 
2025-08-20 10:43:23,217 INFO: [Uform..][epoch:  2, iter:   6,000, lr:(3.992e-05,)] [eta: 5:50:43, time (data): 0.233 (0.003)] l_pix: 9.2889e-02 
2025-08-20 10:45:14,496 INFO: [Uform..][epoch:  2, iter:   6,500, lr:(3.992e-05,)] [eta: 5:40:19, time (data): 0.219 (0.003)] l_pix: 9.1970e-02 
2025-08-20 10:47:53,379 INFO: [Uform..][epoch:  3, iter:   7,000, lr:(3.992e-05,)] [eta: 5:38:38, time (data): 0.342 (0.006)] l_pix: 9.2345e-02 
2025-08-20 10:50:41,898 INFO: [Uform..][epoch:  3, iter:   7,500, lr:(3.992e-05,)] [eta: 5:38:13, time (data): 0.337 (0.006)] l_pix: 9.1660e-02 
2025-08-20 10:53:32,655 INFO: [Uform..][epoch:  3, iter:   8,000, lr:(3.992e-05,)] [eta: 5:37:48, time (data): 0.340 (0.006)] l_pix: 8.9381e-02 
2025-08-20 10:56:19,743 INFO: [Uform..][epoch:  3, iter:   8,500, lr:(3.992e-05,)] [eta: 5:36:38, time (data): 0.319 (0.005)] l_pix: 8.8462e-02 
2025-08-20 10:58:21,983 INFO: [Uform..][epoch:  4, iter:   9,000, lr:(3.992e-05,)] [eta: 5:29:58, time (data): 0.224 (0.003)] l_pix: 8.9908e-02 
2025-08-20 11:00:15,924 INFO: [Uform..][epoch:  4, iter:   9,500, lr:(3.992e-05,)] [eta: 5:22:52, time (data): 0.232 (0.003)] l_pix: 8.9362e-02 
2025-08-20 11:02:19,885 INFO: [Uform..][epoch:  4, iter:  10,000, lr:(3.992e-05,)] [eta: 5:17:20, time (data): 0.294 (0.004)] l_pix: 8.6862e-02 
2025-08-20 11:02:19,885 INFO: Saving models and training states.
2025-08-20 11:20:24,589 INFO: Validation climate_val
	 # psnr: 33.7646	Best: 33.7646 @ 10000 iter
	 # ssim: 0.9225	Best: 0.9225 @ 10000 iter
	 # mae: 0.0818	Best: 0.0818 @ 10000 iter
	 # mse: 0.0155	Best: 0.0155 @ 10000 iter
	 # acc: 0.9541	Best: 0.9541 @ 10000 iter
	 # psd: 0.0612	Best: 0.0612 @ 10000 iter

2025-08-20 11:22:19,612 INFO: [Uform..][epoch:  4, iter:  10,500, lr:(3.194e-05,)] [eta: 6:58:57, time (data): 0.233 (0.003)] l_pix: 8.7526e-02 
2025-08-20 11:24:16,572 INFO: [Uform..][epoch:  5, iter:  11,000, lr:(3.194e-05,)] [eta: 6:47:43, time (data): 0.245 (0.020)] l_pix: 8.6084e-02 
2025-08-20 11:26:10,574 INFO: [Uform..][epoch:  5, iter:  11,500, lr:(3.194e-05,)] [eta: 6:37:01, time (data): 0.225 (0.003)] l_pix: 8.6846e-02 
2025-08-20 11:28:05,469 INFO: [Uform..][epoch:  5, iter:  12,000, lr:(3.194e-05,)] [eta: 6:27:08, time (data): 0.228 (0.003)] l_pix: 8.5001e-02 
2025-08-20 11:29:59,844 INFO: [Uform..][epoch:  5, iter:  12,500, lr:(3.194e-05,)] [eta: 6:17:50, time (data): 0.232 (0.003)] l_pix: 8.6574e-02 
2025-08-20 11:31:53,815 INFO: [Uform..][epoch:  5, iter:  13,000, lr:(3.194e-05,)] [eta: 6:09:05, time (data): 0.228 (0.002)] l_pix: 8.5292e-02 
2025-08-20 11:33:50,888 INFO: [Uform..][epoch:  6, iter:  13,500, lr:(3.194e-05,)] [eta: 6:01:03, time (data): 0.226 (0.002)] l_pix: 8.2802e-02 
2025-08-20 11:36:01,879 INFO: [Uform..][epoch:  6, iter:  14,000, lr:(3.194e-05,)] [eta: 5:54:27, time (data): 0.311 (0.005)] l_pix: 8.3338e-02 
2025-08-20 11:38:37,768 INFO: [Uform..][epoch:  6, iter:  14,500, lr:(3.194e-05,)] [eta: 5:49:49, time (data): 0.305 (0.005)] l_pix: 8.5045e-02 
2025-08-20 11:41:20,837 INFO: [Uform..][epoch:  6, iter:  15,000, lr:(3.194e-05,)] [eta: 5:45:48, time (data): 0.352 (0.006)] l_pix: 8.3074e-02 
2025-08-20 11:43:25,709 INFO: [Uform..][epoch:  7, iter:  15,500, lr:(2.555e-05,)] [eta: 5:39:29, time (data): 0.226 (0.002)] l_pix: 8.3783e-02 
2025-08-20 11:45:20,657 INFO: [Uform..][epoch:  7, iter:  16,000, lr:(2.555e-05,)] [eta: 5:32:51, time (data): 0.230 (0.002)] l_pix: 8.3095e-02 
2025-08-20 11:47:14,848 INFO: [Uform..][epoch:  7, iter:  16,500, lr:(2.555e-05,)] [eta: 5:26:28, time (data): 0.229 (0.002)] l_pix: 8.3316e-02 
2025-08-20 11:49:09,040 INFO: [Uform..][epoch:  7, iter:  17,000, lr:(2.555e-05,)] [eta: 5:20:20, time (data): 0.228 (0.003)] l_pix: 8.1957e-02 
2025-08-20 11:51:03,826 INFO: [Uform..][epoch:  7, iter:  17,500, lr:(2.555e-05,)] [eta: 5:14:29, time (data): 0.226 (0.002)] l_pix: 8.3014e-02 
2025-08-20 11:53:01,619 INFO: [Uform..][epoch:  8, iter:  18,000, lr:(2.555e-05,)] [eta: 5:09:00, time (data): 0.230 (0.002)] l_pix: 8.1456e-02 
2025-08-20 11:54:57,046 INFO: [Uform..][epoch:  8, iter:  18,500, lr:(2.555e-05,)] [eta: 5:03:35, time (data): 0.230 (0.002)] l_pix: 8.0151e-02 
2025-08-20 11:56:51,586 INFO: [Uform..][epoch:  8, iter:  19,000, lr:(2.555e-05,)] [eta: 4:58:19, time (data): 0.229 (0.003)] l_pix: 8.1124e-02 
2025-08-20 11:58:46,737 INFO: [Uform..][epoch:  8, iter:  19,500, lr:(2.555e-05,)] [eta: 4:53:15, time (data): 0.224 (0.003)] l_pix: 8.1382e-02 
2025-08-20 12:00:56,832 INFO: [Uform..][epoch:  9, iter:  20,000, lr:(2.555e-05,)] [eta: 4:49:00, time (data): 0.311 (0.005)] l_pix: 8.0737e-02 
2025-08-20 12:00:56,834 INFO: Saving models and training states.
2025-08-20 12:17:05,345 INFO: Validation climate_val
	 # psnr: 33.6832	Best: 33.7646 @ 10000 iter
	 # ssim: 0.9212	Best: 0.9225 @ 10000 iter
	 # mae: 0.0823	Best: 0.0818 @ 10000 iter
	 # mse: 0.0157	Best: 0.0155 @ 10000 iter
	 # acc: 0.9531	Best: 0.9541 @ 10000 iter
	 # psd: 0.0584	Best: 0.0584 @ 20000 iter

2025-08-20 12:19:23,391 INFO: [Uform..][epoch:  9, iter:  20,500, lr:(2.044e-05,)] [eta: 5:26:35, time (data): 0.382 (0.007)] l_pix: 8.0305e-02 
2025-08-20 12:23:18,138 INFO: [Uform..][epoch:  9, iter:  21,000, lr:(2.044e-05,)] [eta: 5:25:28, time (data): 0.457 (0.007)] l_pix: 8.1139e-02 
2025-08-20 12:26:35,681 INFO: [Uform..][epoch:  9, iter:  21,500, lr:(2.044e-05,)] [eta: 5:22:45, time (data): 0.292 (0.005)] l_pix: 7.9164e-02 
2025-08-20 12:30:11,394 INFO: [Uform..][epoch: 10, iter:  22,000, lr:(2.044e-05,)] [eta: 5:20:42, time (data): 0.496 (0.058)] l_pix: 8.0401e-02 
2025-08-20 12:34:02,503 INFO: [Uform..][epoch: 10, iter:  22,500, lr:(2.044e-05,)] [eta: 5:19:09, time (data): 0.463 (0.009)] l_pix: 7.9822e-02 
2025-08-20 12:37:55,107 INFO: [Uform..][epoch: 10, iter:  23,000, lr:(2.044e-05,)] [eta: 5:17:34, time (data): 0.481 (0.008)] l_pix: 8.0936e-02 
2025-08-20 12:41:23,193 INFO: [Uform..][epoch: 10, iter:  23,500, lr:(2.044e-05,)] [eta: 5:15:01, time (data): 0.360 (0.006)] l_pix: 7.9243e-02 
2025-08-20 12:43:55,936 INFO: [Uform..][epoch: 10, iter:  24,000, lr:(2.044e-05,)] [eta: 5:10:33, time (data): 0.207 (0.002)] l_pix: 7.8454e-02 
2025-08-20 12:45:42,074 INFO: [Uform..][epoch: 11, iter:  24,500, lr:(2.044e-05,)] [eta: 5:04:37, time (data): 0.208 (0.003)] l_pix: 7.7636e-02 
2025-08-20 12:47:25,846 INFO: [Uform..][epoch: 11, iter:  25,000, lr:(2.044e-05,)] [eta: 4:58:46, time (data): 0.207 (0.003)] l_pix: 7.8727e-02 
2025-08-20 12:49:10,163 INFO: [Uform..][epoch: 11, iter:  25,500, lr:(2.044e-05,)] [eta: 4:53:07, time (data): 0.209 (0.003)] l_pix: 7.6918e-02 
2025-08-20 12:50:53,853 INFO: [Uform..][epoch: 11, iter:  26,000, lr:(2.044e-05,)] [eta: 4:47:35, time (data): 0.208 (0.003)] l_pix: 7.8738e-02 
2025-08-20 12:52:40,626 INFO: [Uform..][epoch: 12, iter:  26,500, lr:(2.044e-05,)] [eta: 4:42:17, time (data): 0.209 (0.003)] l_pix: 7.9830e-02 
2025-08-20 12:54:24,622 INFO: [Uform..][epoch: 12, iter:  27,000, lr:(2.044e-05,)] [eta: 4:37:02, time (data): 0.208 (0.002)] l_pix: 7.7882e-02 
2025-08-20 12:56:08,245 INFO: [Uform..][epoch: 12, iter:  27,500, lr:(2.044e-05,)] [eta: 4:31:54, time (data): 0.207 (0.003)] l_pix: 7.9074e-02 
2025-08-20 12:57:52,073 INFO: [Uform..][epoch: 12, iter:  28,000, lr:(2.044e-05,)] [eta: 4:26:54, time (data): 0.208 (0.002)] l_pix: 7.8477e-02 
2025-08-20 12:59:37,518 INFO: [Uform..][epoch: 13, iter:  28,500, lr:(2.044e-05,)] [eta: 4:22:04, time (data): 0.219 (0.018)] l_pix: 7.7046e-02 
2025-08-20 13:01:21,261 INFO: [Uform..][epoch: 13, iter:  29,000, lr:(2.044e-05,)] [eta: 4:17:17, time (data): 0.209 (0.002)] l_pix: 7.6888e-02 
2025-08-20 13:03:04,677 INFO: [Uform..][epoch: 13, iter:  29,500, lr:(2.044e-05,)] [eta: 4:12:35, time (data): 0.206 (0.002)] l_pix: 7.6972e-02 
2025-08-20 13:04:47,807 INFO: [Uform..][epoch: 13, iter:  30,000, lr:(2.044e-05,)] [eta: 4:08:00, time (data): 0.203 (0.002)] l_pix: 7.7234e-02 
2025-08-20 13:04:47,808 INFO: Saving models and training states.
2025-08-20 13:16:29,351 INFO: Validation climate_val
	 # psnr: 33.5957	Best: 33.7646 @ 10000 iter
	 # ssim: 0.9201	Best: 0.9225 @ 10000 iter
	 # mae: 0.0831	Best: 0.0818 @ 10000 iter
	 # mse: 0.0161	Best: 0.0155 @ 10000 iter
	 # acc: 0.9522	Best: 0.9541 @ 10000 iter
	 # psd: 0.0570	Best: 0.0570 @ 30000 iter

2025-08-20 13:18:13,241 INFO: [Uform..][epoch: 13, iter:  30,500, lr:(2.044e-05,)] [eta: 4:19:50, time (data): 0.208 (0.003)] l_pix: 7.5881e-02 
2025-08-20 13:20:00,002 INFO: [Uform..][epoch: 14, iter:  31,000, lr:(2.044e-05,)] [eta: 4:15:03, time (data): 0.210 (0.002)] l_pix: 7.7206e-02 
2025-08-20 13:21:43,677 INFO: [Uform..][epoch: 14, iter:  31,500, lr:(2.044e-05,)] [eta: 4:10:18, time (data): 0.207 (0.002)] l_pix: 7.6897e-02 
2025-08-20 13:23:27,229 INFO: [Uform..][epoch: 14, iter:  32,000, lr:(2.044e-05,)] [eta: 4:05:38, time (data): 0.205 (0.002)] l_pix: 7.6962e-02 
2025-08-20 13:25:11,247 INFO: [Uform..][epoch: 14, iter:  32,500, lr:(2.044e-05,)] [eta: 4:01:05, time (data): 0.208 (0.003)] l_pix: 7.7363e-02 
2025-08-20 13:26:57,734 INFO: [Uform..][epoch: 15, iter:  33,000, lr:(2.044e-05,)] [eta: 3:56:39, time (data): 0.210 (0.003)] l_pix: 7.6451e-02 
2025-08-20 13:28:41,169 INFO: [Uform..][epoch: 15, iter:  33,500, lr:(2.044e-05,)] [eta: 3:52:15, time (data): 0.205 (0.002)] l_pix: 7.6620e-02 
2025-08-20 13:30:25,178 INFO: [Uform..][epoch: 15, iter:  34,000, lr:(2.044e-05,)] [eta: 3:47:56, time (data): 0.205 (0.002)] l_pix: 7.6620e-02 
2025-08-20 13:32:09,619 INFO: [Uform..][epoch: 15, iter:  34,500, lr:(2.044e-05,)] [eta: 3:43:42, time (data): 0.210 (0.003)] l_pix: 7.6405e-02 
2025-08-20 13:33:53,622 INFO: [Uform..][epoch: 15, iter:  35,000, lr:(2.044e-05,)] [eta: 3:39:31, time (data): 0.204 (0.002)] l_pix: 7.7082e-02 
2025-08-20 13:35:54,889 INFO: [Uform..][epoch: 16, iter:  35,500, lr:(2.044e-05,)] [eta: 3:35:44, time (data): 0.269 (0.005)] l_pix: 7.5303e-02 
2025-08-20 13:38:10,184 INFO: [Uform..][epoch: 16, iter:  36,000, lr:(2.044e-05,)] [eta: 3:32:13, time (data): 0.248 (0.004)] l_pix: 7.5305e-02 
2025-08-20 13:40:39,378 INFO: [Uform..][epoch: 16, iter:  36,500, lr:(2.044e-05,)] [eta: 3:28:59, time (data): 0.317 (0.007)] l_pix: 7.5776e-02 
2025-08-20 13:42:53,562 INFO: [Uform..][epoch: 16, iter:  37,000, lr:(2.044e-05,)] [eta: 3:25:31, time (data): 0.267 (0.005)] l_pix: 7.5043e-02 
2025-08-20 13:45:18,467 INFO: [Uform..][epoch: 17, iter:  37,500, lr:(2.044e-05,)] [eta: 3:22:15, time (data): 0.277 (0.005)] l_pix: 7.3619e-02 
2025-08-20 13:47:33,778 INFO: [Uform..][epoch: 17, iter:  38,000, lr:(2.044e-05,)] [eta: 3:18:52, time (data): 0.242 (0.005)] l_pix: 7.4925e-02 
2025-08-20 13:50:33,611 INFO: [Uform..][epoch: 17, iter:  38,500, lr:(2.044e-05,)] [eta: 3:16:10, time (data): 0.468 (0.009)] l_pix: 7.3421e-02 
2025-08-20 13:54:22,245 INFO: [Uform..][epoch: 17, iter:  39,000, lr:(2.044e-05,)] [eta: 3:14:11, time (data): 0.295 (0.005)] l_pix: 7.5551e-02 
2025-08-20 13:56:58,992 INFO: End of training. Time consumed: 3:45:24
2025-08-20 13:56:58,992 INFO: Save the latest model.
2025-08-20 14:14:14,886 INFO: Validation climate_val
	 # psnr: 33.5572	Best: 33.7646 @ 10000 iter
	 # ssim: 0.9187	Best: 0.9225 @ 10000 iter
	 # mae: 0.0834	Best: 0.0818 @ 10000 iter
	 # mse: 0.0162	Best: 0.0155 @ 10000 iter
	 # acc: 0.9515	Best: 0.9541 @ 10000 iter
	 # psd: 0.0574	Best: 0.0570 @ 30000 iter

