2025-08-20 12:21:05,654 INFO: 
                ____                _       _____  ____
               / __ ) ____ _ _____ (_)_____/ ___/ / __ \
              / __  |/ __ `// ___// // ___/\__ \ / /_/ /
             / /_/ // /_/ /(__  )/ // /__ ___/ // _, _/
            /_____/ \__,_//____//_/ \___//____//_/ |_|
     ______                   __   __                 __      __
    / ____/____   ____   ____/ /  / /   __  __ _____ / /__   / /
   / / __ / __ \ / __ \ / __  /  / /   / / / // ___// //_/  / /
  / /_/ // /_/ // /_/ // /_/ /  / /___/ /_/ // /__ / /<    /_/
  \____/ \____/ \____/ \____/  /_____/\____/ \___//_/|_|  (_)
    
Version Information: 
	BasicSR: 1.4.2
	PyTorch: 1.12.1+cu116
	TorchVision: 0.13.1+cu116
2025-08-20 12:21:05,655 INFO: 
  name: SwinIR_climate_baseline_hgt_7to1_64x64
  model_type: SimpleClimateModel
  scale: 4
  num_gpu: 2
  manual_seed: 0
  fp16: True
  auto_resume: False
  datasets:[
    train:[
      name: climate_train
      type: ClimateDatasetWithTopo
      phase: train
      dataroot_gt: /home/lyb/diffusion/main2 copy/dataset
      normalize: True
      input_channels: 3
      input_channel_indices: [0, 1, 2]
      use_topo: False
      use_shuffle: True
      num_worker_per_gpu: 1
      batch_size_per_gpu: 20
      prefetch_mode: None
      scale: 4
    ]
    val:[
      name: climate_val
      type: ClimateDatasetWithTopo
      phase: val
      dataroot_gt: /home/lyb/diffusion/main2 copy/dataset
      normalize: True
      input_channels: 3
      input_channel_indices: [0, 1, 2]
      use_topo: False
      scale: 4
    ]
  ]
  network_g:[
    type: SwinIRClimate
    add_hgt: True
    hgt_alpha_init: 0.01
    img_size: 16
    patch_size: 1
    in_chans: 3
    num_out_ch: 1
    embed_dim: 96
    depths: [6, 6, 6, 6]
    num_heads: [6, 6, 6, 6]
    window_size: [4, 4, 4, 4]
    mlp_ratio: 4
    qkv_bias: True
    drop_rate: 0.0
    attn_drop_rate: 0.0
    drop_path_rate: 0.05
    patch_norm: True
    use_checkpoint: False
    upscale: 4
    img_range: 1.0
    upsampler: pixelshuffle
    resi_connection: 1conv
    activation: none
  ]
  path:[
    pretrain_network_g: None
    strict_load_g: True
    resume_state: None
    experiments_root: /home/lyb/diffusion/main2 copy/TransfomerDownscaling-main/experiments/SwinIR_climate_baseline_hgt_7to1_64x64
    models: /home/lyb/diffusion/main2 copy/TransfomerDownscaling-main/experiments/SwinIR_climate_baseline_hgt_7to1_64x64/models
    training_states: /home/lyb/diffusion/main2 copy/TransfomerDownscaling-main/experiments/SwinIR_climate_baseline_hgt_7to1_64x64/training_states
    log: /home/lyb/diffusion/main2 copy/TransfomerDownscaling-main/experiments/SwinIR_climate_baseline_hgt_7to1_64x64
    visualization: /home/lyb/diffusion/main2 copy/TransfomerDownscaling-main/experiments/SwinIR_climate_baseline_hgt_7to1_64x64/visualization
  ]
  train:[
    find_unused_parameters: True
    optim_g:[
      type: Adam
      lr: 0.0002
      betas: [0.9, 0.99]
      weight_decay: 1e-06
    ]
    scheduler:[
      type: MultiStepLR
      milestones: [5000, 10000, 15000, 20000]
      gamma: 0.8
    ]
    total_iter: 73060
    warmup_iter: 5000
    pixel_opt:[
      type: CharbonnierLoss
      loss_weight: 1.0
      reduction: mean
      eps: 0.001
    ]
  ]
  val:[
    val_freq: 10000
    save_img: False
    pbar: True
    metrics:[
      psnr:[
        type: calculate_psnr
        crop_border: 0
        test_y_channel: False
        better: higher
      ]
      ssim:[
        type: calculate_ssim
        crop_border: 0
        test_y_channel: False
        better: higher
      ]
      mae:[
        type: calculate_climate_mae
        crop_border: 0
        better: lower
      ]
      mse:[
        type: calculate_climate_mse
        crop_border: 0
        better: lower
      ]
      acc:[
        type: calculate_climate_acc_tiles
        crop_border: 0
        better: higher
      ]
      psd:[
        type: calculate_climate_psd_log
        crop_border: 0
        better: lower
      ]
    ]
  ]
  logger:[
    print_freq: 500
    save_checkpoint_freq: 10000
    use_tb_logger: True
  ]
  dist_params:[
    backend: nccl
    port: 29500
  ]
  dist: False
  rank: 0
  world_size: 1
  is_train: True
  root_path: /home/lyb/diffusion/main2 copy/TransfomerDownscaling-main

2025-08-20 12:21:05,863 INFO: Loading data from /home/lyb/diffusion/main2 copy/dataset/dict_s2s_train.pt
2025-08-20 12:21:21,180 INFO: Detected legacy in-memory tensor dataset format.
2025-08-20 12:21:21,185 INFO: LR_input shape (raw): (3, 87672, 16, 16)
2025-08-20 12:21:21,185 INFO: HR_target shape (raw): (3, 87672, 64, 64)
2025-08-20 12:21:21,185 INFO: HR_topo shape: (2, 64, 64)
2025-08-20 12:21:23,136 INFO: Unified LR shape [N,C,H,W]: (87672, 3, 16, 16)
2025-08-20 12:21:23,136 INFO: Unified HR shape [N,1,H,W]: (87672, 1, 64, 64)
2025-08-20 12:21:25,796 INFO: LR mean: tensor([-0.3224, -0.0165,  0.7150])
2025-08-20 12:21:25,797 INFO: LR std: tensor([1.1106, 0.9532, 0.3245])
2025-08-20 12:21:25,797 INFO: HR mean: -0.3548726439476013
2025-08-20 12:21:25,802 INFO: HR std: 1.097210168838501
2025-08-20 12:21:27,738 INFO: Dataset [ClimateDatasetWithTopo] - climate_train is built.
2025-08-20 12:21:27,739 INFO: Training statistics:
	Number of train images: 87672
	Dataset enlarge ratio: 1
	Batch size per gpu: 20
	World size (gpu number): 1
	Require iter number per epoch: 4384
	Total epochs: 17; iters: 73060.
2025-08-20 12:21:27,739 INFO: Loading data from /home/lyb/diffusion/main2 copy/dataset/dict_s2s_val.pt
2025-08-20 12:21:28,874 INFO: Detected legacy in-memory tensor dataset format.
2025-08-20 12:21:28,874 INFO: LR_input shape (raw): (3, 8760, 16, 16)
2025-08-20 12:21:28,875 INFO: HR_target shape (raw): (3, 8760, 64, 64)
2025-08-20 12:21:28,875 INFO: HR_topo shape: (2, 64, 64)
2025-08-20 12:21:29,102 INFO: Unified LR shape [N,C,H,W]: (8760, 3, 16, 16)
2025-08-20 12:21:29,104 INFO: Unified HR shape [N,1,H,W]: (8760, 1, 64, 64)
2025-08-20 12:21:29,485 INFO: LR mean: tensor([-0.3108, -0.0110,  0.7089])
2025-08-20 12:21:29,489 INFO: LR std: tensor([1.1441, 0.9277, 0.3185])
2025-08-20 12:21:29,494 INFO: HR mean: -0.34806132316589355
2025-08-20 12:21:29,496 INFO: HR std: 1.1247708797454834
2025-08-20 12:21:29,764 INFO: Dataset [ClimateDatasetWithTopo] - climate_val is built.
2025-08-20 12:21:29,765 INFO: Number of val images/folders in climate_val: 8760
2025-08-20 12:21:30,700 INFO: Network [SwinIRClimate] is created.
2025-08-20 12:21:34,971 INFO: Network: DataParallel - SwinIRClimate, with parameters: 3,599,490
2025-08-20 12:21:34,975 INFO: SwinIRClimate(
  (conv_first): Conv2d(3, 96, kernel_size=(3, 3), stride=(1, 1), padding=(1, 1))
  (patch_embed): PatchEmbed(
    (norm): LayerNorm((96,), eps=1e-05, elementwise_affine=True)
  )
  (patch_unembed): PatchUnEmbed()
  (pos_drop): Dropout(p=0.0, inplace=False)
  (layers): ModuleList(
    (0): RSTB(
      (residual_group): BasicLayer(
        dim=96, input_resolution=(16, 16), depth=6
        (blocks): ModuleList(
          (0): SwinTransformerBlock(
            dim=96, input_resolution=(16, 16), num_heads=6, window_size=4, shift_size=0, mlp_ratio=4
            (norm1): LayerNorm((96,), eps=1e-05, elementwise_affine=True)
            (attn): WindowAttention(
              dim=96, window_size=(4, 4), num_heads=6
              (qkv): Linear(in_features=96, out_features=288, bias=True)
              (attn_drop): Dropout(p=0.0, inplace=False)
              (proj): Linear(in_features=96, out_features=96, bias=True)
              (proj_drop): Dropout(p=0.0, inplace=False)
              (softmax): Softmax(dim=-1)
            )
            (drop_path): Identity()
            (norm2): LayerNorm((96,), eps=1e-05, elementwise_affine=True)
            (mlp): Mlp(
              (fc1): Linear(in_features=96, out_features=384, bias=True)
              (act): GELU(approximate=none)
              (fc2): Linear(in_features=384, out_features=96, bias=True)
              (drop): Dropout(p=0.0, inplace=False)
            )
          )
          (1): SwinTransformerBlock(
            dim=96, input_resolution=(16, 16), num_heads=6, window_size=4, shift_size=2, mlp_ratio=4
            (norm1): LayerNorm((96,), eps=1e-05, elementwise_affine=True)
            (attn): WindowAttention(
              dim=96, window_size=(4, 4), num_heads=6
              (qkv): Linear(in_features=96, out_features=288, bias=True)
              (attn_drop): Dropout(p=0.0, inplace=False)
              (proj): Linear(in_features=96, out_features=96, bias=True)
              (proj_drop): Dropout(p=0.0, inplace=False)
              (softmax): Softmax(dim=-1)
            )
            (drop_path): DropPath()
            (norm2): LayerNorm((96,), eps=1e-05, elementwise_affine=True)
            (mlp): Mlp(
              (fc1): Linear(in_features=96, out_features=384, bias=True)
              (act): GELU(approximate=none)
              (fc2): Linear(in_features=384, out_features=96, bias=True)
              (drop): Dropout(p=0.0, inplace=False)
            )
          )
          (2): SwinTransformerBlock(
            dim=96, input_resolution=(16, 16), num_heads=6, window_size=4, shift_size=0, mlp_ratio=4
            (norm1): LayerNorm((96,), eps=1e-05, elementwise_affine=True)
            (attn): WindowAttention(
              dim=96, window_size=(4, 4), num_heads=6
              (qkv): Linear(in_features=96, out_features=288, bias=True)
              (attn_drop): Dropout(p=0.0, inplace=False)
              (proj): Linear(in_features=96, out_features=96, bias=True)
              (proj_drop): Dropout(p=0.0, inplace=False)
              (softmax): Softmax(dim=-1)
            )
            (drop_path): DropPath()
            (norm2): LayerNorm((96,), eps=1e-05, elementwise_affine=True)
            (mlp): Mlp(
              (fc1): Linear(in_features=96, out_features=384, bias=True)
              (act): GELU(approximate=none)
              (fc2): Linear(in_features=384, out_features=96, bias=True)
              (drop): Dropout(p=0.0, inplace=False)
            )
          )
          (3): SwinTransformerBlock(
            dim=96, input_resolution=(16, 16), num_heads=6, window_size=4, shift_size=2, mlp_ratio=4
            (norm1): LayerNorm((96,), eps=1e-05, elementwise_affine=True)
            (attn): WindowAttention(
              dim=96, window_size=(4, 4), num_heads=6
              (qkv): Linear(in_features=96, out_features=288, bias=True)
              (attn_drop): Dropout(p=0.0, inplace=False)
              (proj): Linear(in_features=96, out_features=96, bias=True)
              (proj_drop): Dropout(p=0.0, inplace=False)
              (softmax): Softmax(dim=-1)
            )
            (drop_path): DropPath()
            (norm2): LayerNorm((96,), eps=1e-05, elementwise_affine=True)
            (mlp): Mlp(
              (fc1): Linear(in_features=96, out_features=384, bias=True)
              (act): GELU(approximate=none)
              (fc2): Linear(in_features=384, out_features=96, bias=True)
              (drop): Dropout(p=0.0, inplace=False)
            )
          )
          (4): SwinTransformerBlock(
            dim=96, input_resolution=(16, 16), num_heads=6, window_size=4, shift_size=0, mlp_ratio=4
            (norm1): LayerNorm((96,), eps=1e-05, elementwise_affine=True)
            (attn): WindowAttention(
              dim=96, window_size=(4, 4), num_heads=6
              (qkv): Linear(in_features=96, out_features=288, bias=True)
              (attn_drop): Dropout(p=0.0, inplace=False)
              (proj): Linear(in_features=96, out_features=96, bias=True)
              (proj_drop): Dropout(p=0.0, inplace=False)
              (softmax): Softmax(dim=-1)
            )
            (drop_path): DropPath()
            (norm2): LayerNorm((96,), eps=1e-05, elementwise_affine=True)
            (mlp): Mlp(
              (fc1): Linear(in_features=96, out_features=384, bias=True)
              (act): GELU(approximate=none)
              (fc2): Linear(in_features=384, out_features=96, bias=True)
              (drop): Dropout(p=0.0, inplace=False)
            )
          )
          (5): SwinTransformerBlock(
            dim=96, input_resolution=(16, 16), num_heads=6, window_size=4, shift_size=2, mlp_ratio=4
            (norm1): LayerNorm((96,), eps=1e-05, elementwise_affine=True)
            (attn): WindowAttention(
              dim=96, window_size=(4, 4), num_heads=6
              (qkv): Linear(in_features=96, out_features=288, bias=True)
              (attn_drop): Dropout(p=0.0, inplace=False)
              (proj): Linear(in_features=96, out_features=96, bias=True)
              (proj_drop): Dropout(p=0.0, inplace=False)
              (softmax): Softmax(dim=-1)
            )
            (drop_path): DropPath()
            (norm2): LayerNorm((96,), eps=1e-05, elementwise_affine=True)
            (mlp): Mlp(
              (fc1): Linear(in_features=96, out_features=384, bias=True)
              (act): GELU(approximate=none)
              (fc2): Linear(in_features=384, out_features=96, bias=True)
              (drop): Dropout(p=0.0, inplace=False)
            )
          )
        )
      )
      (conv): Conv2d(96, 96, kernel_size=(3, 3), stride=(1, 1), padding=(1, 1))
      (patch_embed): PatchEmbed()
      (patch_unembed): PatchUnEmbed()
    )
    (1): RSTB(
      (residual_group): BasicLayer(
        dim=96, input_resolution=(16, 16), depth=6
        (blocks): ModuleList(
          (0): SwinTransformerBlock(
            dim=96, input_resolution=(16, 16), num_heads=6, window_size=4, shift_size=0, mlp_ratio=4
            (norm1): LayerNorm((96,), eps=1e-05, elementwise_affine=True)
            (attn): WindowAttention(
              dim=96, window_size=(4, 4), num_heads=6
              (qkv): Linear(in_features=96, out_features=288, bias=True)
              (attn_drop): Dropout(p=0.0, inplace=False)
              (proj): Linear(in_features=96, out_features=96, bias=True)
              (proj_drop): Dropout(p=0.0, inplace=False)
              (softmax): Softmax(dim=-1)
            )
            (drop_path): DropPath()
            (norm2): LayerNorm((96,), eps=1e-05, elementwise_affine=True)
            (mlp): Mlp(
              (fc1): Linear(in_features=96, out_features=384, bias=True)
              (act): GELU(approximate=none)
              (fc2): Linear(in_features=384, out_features=96, bias=True)
              (drop): Dropout(p=0.0, inplace=False)
            )
          )
          (1): SwinTransformerBlock(
            dim=96, input_resolution=(16, 16), num_heads=6, window_size=4, shift_size=2, mlp_ratio=4
            (norm1): LayerNorm((96,), eps=1e-05, elementwise_affine=True)
            (attn): WindowAttention(
              dim=96, window_size=(4, 4), num_heads=6
              (qkv): Linear(in_features=96, out_features=288, bias=True)
              (attn_drop): Dropout(p=0.0, inplace=False)
              (proj): Linear(in_features=96, out_features=96, bias=True)
              (proj_drop): Dropout(p=0.0, inplace=False)
              (softmax): Softmax(dim=-1)
            )
            (drop_path): DropPath()
            (norm2): LayerNorm((96,), eps=1e-05, elementwise_affine=True)
            (mlp): Mlp(
              (fc1): Linear(in_features=96, out_features=384, bias=True)
              (act): GELU(approximate=none)
              (fc2): Linear(in_features=384, out_features=96, bias=True)
              (drop): Dropout(p=0.0, inplace=False)
            )
          )
          (2): SwinTransformerBlock(
            dim=96, input_resolution=(16, 16), num_heads=6, window_size=4, shift_size=0, mlp_ratio=4
            (norm1): LayerNorm((96,), eps=1e-05, elementwise_affine=True)
            (attn): WindowAttention(
              dim=96, window_size=(4, 4), num_heads=6
              (qkv): Linear(in_features=96, out_features=288, bias=True)
              (attn_drop): Dropout(p=0.0, inplace=False)
              (proj): Linear(in_features=96, out_features=96, bias=True)
              (proj_drop): Dropout(p=0.0, inplace=False)
              (softmax): Softmax(dim=-1)
            )
            (drop_path): DropPath()
            (norm2): LayerNorm((96,), eps=1e-05, elementwise_affine=True)
            (mlp): Mlp(
              (fc1): Linear(in_features=96, out_features=384, bias=True)
              (act): GELU(approximate=none)
              (fc2): Linear(in_features=384, out_features=96, bias=True)
              (drop): Dropout(p=0.0, inplace=False)
            )
          )
          (3): SwinTransformerBlock(
            dim=96, input_resolution=(16, 16), num_heads=6, window_size=4, shift_size=2, mlp_ratio=4
            (norm1): LayerNorm((96,), eps=1e-05, elementwise_affine=True)
            (attn): WindowAttention(
              dim=96, window_size=(4, 4), num_heads=6
              (qkv): Linear(in_features=96, out_features=288, bias=True)
              (attn_drop): Dropout(p=0.0, inplace=False)
              (proj): Linear(in_features=96, out_features=96, bias=True)
              (proj_drop): Dropout(p=0.0, inplace=False)
              (softmax): Softmax(dim=-1)
            )
            (drop_path): DropPath()
            (norm2): LayerNorm((96,), eps=1e-05, elementwise_affine=True)
            (mlp): Mlp(
              (fc1): Linear(in_features=96, out_features=384, bias=True)
              (act): GELU(approximate=none)
              (fc2): Linear(in_features=384, out_features=96, bias=True)
              (drop): Dropout(p=0.0, inplace=False)
            )
          )
          (4): SwinTransformerBlock(
            dim=96, input_resolution=(16, 16), num_heads=6, window_size=4, shift_size=0, mlp_ratio=4
            (norm1): LayerNorm((96,), eps=1e-05, elementwise_affine=True)
            (attn): WindowAttention(
              dim=96, window_size=(4, 4), num_heads=6
              (qkv): Linear(in_features=96, out_features=288, bias=True)
              (attn_drop): Dropout(p=0.0, inplace=False)
              (proj): Linear(in_features=96, out_features=96, bias=True)
              (proj_drop): Dropout(p=0.0, inplace=False)
              (softmax): Softmax(dim=-1)
            )
            (drop_path): DropPath()
            (norm2): LayerNorm((96,), eps=1e-05, elementwise_affine=True)
            (mlp): Mlp(
              (fc1): Linear(in_features=96, out_features=384, bias=True)
              (act): GELU(approximate=none)
              (fc2): Linear(in_features=384, out_features=96, bias=True)
              (drop): Dropout(p=0.0, inplace=False)
            )
          )
          (5): SwinTransformerBlock(
            dim=96, input_resolution=(16, 16), num_heads=6, window_size=4, shift_size=2, mlp_ratio=4
            (norm1): LayerNorm((96,), eps=1e-05, elementwise_affine=True)
            (attn): WindowAttention(
              dim=96, window_size=(4, 4), num_heads=6
              (qkv): Linear(in_features=96, out_features=288, bias=True)
              (attn_drop): Dropout(p=0.0, inplace=False)
              (proj): Linear(in_features=96, out_features=96, bias=True)
              (proj_drop): Dropout(p=0.0, inplace=False)
              (softmax): Softmax(dim=-1)
            )
            (drop_path): DropPath()
            (norm2): LayerNorm((96,), eps=1e-05, elementwise_affine=True)
            (mlp): Mlp(
              (fc1): Linear(in_features=96, out_features=384, bias=True)
              (act): GELU(approximate=none)
              (fc2): Linear(in_features=384, out_features=96, bias=True)
              (drop): Dropout(p=0.0, inplace=False)
            )
          )
        )
      )
      (conv): Conv2d(96, 96, kernel_size=(3, 3), stride=(1, 1), padding=(1, 1))
      (patch_embed): PatchEmbed()
      (patch_unembed): PatchUnEmbed()
    )
    (2): RSTB(
      (residual_group): BasicLayer(
        dim=96, input_resolution=(16, 16), depth=6
        (blocks): ModuleList(
          (0): SwinTransformerBlock(
            dim=96, input_resolution=(16, 16), num_heads=6, window_size=4, shift_size=0, mlp_ratio=4
            (norm1): LayerNorm((96,), eps=1e-05, elementwise_affine=True)
            (attn): WindowAttention(
              dim=96, window_size=(4, 4), num_heads=6
              (qkv): Linear(in_features=96, out_features=288, bias=True)
              (attn_drop): Dropout(p=0.0, inplace=False)
              (proj): Linear(in_features=96, out_features=96, bias=True)
              (proj_drop): Dropout(p=0.0, inplace=False)
              (softmax): Softmax(dim=-1)
            )
            (drop_path): DropPath()
            (norm2): LayerNorm((96,), eps=1e-05, elementwise_affine=True)
            (mlp): Mlp(
              (fc1): Linear(in_features=96, out_features=384, bias=True)
              (act): GELU(approximate=none)
              (fc2): Linear(in_features=384, out_features=96, bias=True)
              (drop): Dropout(p=0.0, inplace=False)
            )
          )
          (1): SwinTransformerBlock(
            dim=96, input_resolution=(16, 16), num_heads=6, window_size=4, shift_size=2, mlp_ratio=4
            (norm1): LayerNorm((96,), eps=1e-05, elementwise_affine=True)
            (attn): WindowAttention(
              dim=96, window_size=(4, 4), num_heads=6
              (qkv): Linear(in_features=96, out_features=288, bias=True)
              (attn_drop): Dropout(p=0.0, inplace=False)
              (proj): Linear(in_features=96, out_features=96, bias=True)
              (proj_drop): Dropout(p=0.0, inplace=False)
              (softmax): Softmax(dim=-1)
            )
            (drop_path): DropPath()
            (norm2): LayerNorm((96,), eps=1e-05, elementwise_affine=True)
            (mlp): Mlp(
              (fc1): Linear(in_features=96, out_features=384, bias=True)
              (act): GELU(approximate=none)
              (fc2): Linear(in_features=384, out_features=96, bias=True)
              (drop): Dropout(p=0.0, inplace=False)
            )
          )
          (2): SwinTransformerBlock(
            dim=96, input_resolution=(16, 16), num_heads=6, window_size=4, shift_size=0, mlp_ratio=4
            (norm1): LayerNorm((96,), eps=1e-05, elementwise_affine=True)
            (attn): WindowAttention(
              dim=96, window_size=(4, 4), num_heads=6
              (qkv): Linear(in_features=96, out_features=288, bias=True)
              (attn_drop): Dropout(p=0.0, inplace=False)
              (proj): Linear(in_features=96, out_features=96, bias=True)
              (proj_drop): Dropout(p=0.0, inplace=False)
              (softmax): Softmax(dim=-1)
            )
            (drop_path): DropPath()
            (norm2): LayerNorm((96,), eps=1e-05, elementwise_affine=True)
            (mlp): Mlp(
              (fc1): Linear(in_features=96, out_features=384, bias=True)
              (act): GELU(approximate=none)
              (fc2): Linear(in_features=384, out_features=96, bias=True)
              (drop): Dropout(p=0.0, inplace=False)
            )
          )
          (3): SwinTransformerBlock(
            dim=96, input_resolution=(16, 16), num_heads=6, window_size=4, shift_size=2, mlp_ratio=4
            (norm1): LayerNorm((96,), eps=1e-05, elementwise_affine=True)
            (attn): WindowAttention(
              dim=96, window_size=(4, 4), num_heads=6
              (qkv): Linear(in_features=96, out_features=288, bias=True)
              (attn_drop): Dropout(p=0.0, inplace=False)
              (proj): Linear(in_features=96, out_features=96, bias=True)
              (proj_drop): Dropout(p=0.0, inplace=False)
              (softmax): Softmax(dim=-1)
            )
            (drop_path): DropPath()
            (norm2): LayerNorm((96,), eps=1e-05, elementwise_affine=True)
            (mlp): Mlp(
              (fc1): Linear(in_features=96, out_features=384, bias=True)
              (act): GELU(approximate=none)
              (fc2): Linear(in_features=384, out_features=96, bias=True)
              (drop): Dropout(p=0.0, inplace=False)
            )
          )
          (4): SwinTransformerBlock(
            dim=96, input_resolution=(16, 16), num_heads=6, window_size=4, shift_size=0, mlp_ratio=4
            (norm1): LayerNorm((96,), eps=1e-05, elementwise_affine=True)
            (attn): WindowAttention(
              dim=96, window_size=(4, 4), num_heads=6
              (qkv): Linear(in_features=96, out_features=288, bias=True)
              (attn_drop): Dropout(p=0.0, inplace=False)
              (proj): Linear(in_features=96, out_features=96, bias=True)
              (proj_drop): Dropout(p=0.0, inplace=False)
              (softmax): Softmax(dim=-1)
            )
            (drop_path): DropPath()
            (norm2): LayerNorm((96,), eps=1e-05, elementwise_affine=True)
            (mlp): Mlp(
              (fc1): Linear(in_features=96, out_features=384, bias=True)
              (act): GELU(approximate=none)
              (fc2): Linear(in_features=384, out_features=96, bias=True)
              (drop): Dropout(p=0.0, inplace=False)
            )
          )
          (5): SwinTransformerBlock(
            dim=96, input_resolution=(16, 16), num_heads=6, window_size=4, shift_size=2, mlp_ratio=4
            (norm1): LayerNorm((96,), eps=1e-05, elementwise_affine=True)
            (attn): WindowAttention(
              dim=96, window_size=(4, 4), num_heads=6
              (qkv): Linear(in_features=96, out_features=288, bias=True)
              (attn_drop): Dropout(p=0.0, inplace=False)
              (proj): Linear(in_features=96, out_features=96, bias=True)
              (proj_drop): Dropout(p=0.0, inplace=False)
              (softmax): Softmax(dim=-1)
            )
            (drop_path): DropPath()
            (norm2): LayerNorm((96,), eps=1e-05, elementwise_affine=True)
            (mlp): Mlp(
              (fc1): Linear(in_features=96, out_features=384, bias=True)
              (act): GELU(approximate=none)
              (fc2): Linear(in_features=384, out_features=96, bias=True)
              (drop): Dropout(p=0.0, inplace=False)
            )
          )
        )
      )
      (conv): Conv2d(96, 96, kernel_size=(3, 3), stride=(1, 1), padding=(1, 1))
      (patch_embed): PatchEmbed()
      (patch_unembed): PatchUnEmbed()
    )
    (3): RSTB(
      (residual_group): BasicLayer(
        dim=96, input_resolution=(16, 16), depth=6
        (blocks): ModuleList(
          (0): SwinTransformerBlock(
            dim=96, input_resolution=(16, 16), num_heads=6, window_size=4, shift_size=0, mlp_ratio=4
            (norm1): LayerNorm((96,), eps=1e-05, elementwise_affine=True)
            (attn): WindowAttention(
              dim=96, window_size=(4, 4), num_heads=6
              (qkv): Linear(in_features=96, out_features=288, bias=True)
              (attn_drop): Dropout(p=0.0, inplace=False)
              (proj): Linear(in_features=96, out_features=96, bias=True)
              (proj_drop): Dropout(p=0.0, inplace=False)
              (softmax): Softmax(dim=-1)
            )
            (drop_path): DropPath()
            (norm2): LayerNorm((96,), eps=1e-05, elementwise_affine=True)
            (mlp): Mlp(
              (fc1): Linear(in_features=96, out_features=384, bias=True)
              (act): GELU(approximate=none)
              (fc2): Linear(in_features=384, out_features=96, bias=True)
              (drop): Dropout(p=0.0, inplace=False)
            )
          )
          (1): SwinTransformerBlock(
            dim=96, input_resolution=(16, 16), num_heads=6, window_size=4, shift_size=2, mlp_ratio=4
            (norm1): LayerNorm((96,), eps=1e-05, elementwise_affine=True)
            (attn): WindowAttention(
              dim=96, window_size=(4, 4), num_heads=6
              (qkv): Linear(in_features=96, out_features=288, bias=True)
              (attn_drop): Dropout(p=0.0, inplace=False)
              (proj): Linear(in_features=96, out_features=96, bias=True)
              (proj_drop): Dropout(p=0.0, inplace=False)
              (softmax): Softmax(dim=-1)
            )
            (drop_path): DropPath()
            (norm2): LayerNorm((96,), eps=1e-05, elementwise_affine=True)
            (mlp): Mlp(
              (fc1): Linear(in_features=96, out_features=384, bias=True)
              (act): GELU(approximate=none)
              (fc2): Linear(in_features=384, out_features=96, bias=True)
              (drop): Dropout(p=0.0, inplace=False)
            )
          )
          (2): SwinTransformerBlock(
            dim=96, input_resolution=(16, 16), num_heads=6, window_size=4, shift_size=0, mlp_ratio=4
            (norm1): LayerNorm((96,), eps=1e-05, elementwise_affine=True)
            (attn): WindowAttention(
              dim=96, window_size=(4, 4), num_heads=6
              (qkv): Linear(in_features=96, out_features=288, bias=True)
              (attn_drop): Dropout(p=0.0, inplace=False)
              (proj): Linear(in_features=96, out_features=96, bias=True)
              (proj_drop): Dropout(p=0.0, inplace=False)
              (softmax): Softmax(dim=-1)
            )
            (drop_path): DropPath()
            (norm2): LayerNorm((96,), eps=1e-05, elementwise_affine=True)
            (mlp): Mlp(
              (fc1): Linear(in_features=96, out_features=384, bias=True)
              (act): GELU(approximate=none)
              (fc2): Linear(in_features=384, out_features=96, bias=True)
              (drop): Dropout(p=0.0, inplace=False)
            )
          )
          (3): SwinTransformerBlock(
            dim=96, input_resolution=(16, 16), num_heads=6, window_size=4, shift_size=2, mlp_ratio=4
            (norm1): LayerNorm((96,), eps=1e-05, elementwise_affine=True)
            (attn): WindowAttention(
              dim=96, window_size=(4, 4), num_heads=6
              (qkv): Linear(in_features=96, out_features=288, bias=True)
              (attn_drop): Dropout(p=0.0, inplace=False)
              (proj): Linear(in_features=96, out_features=96, bias=True)
              (proj_drop): Dropout(p=0.0, inplace=False)
              (softmax): Softmax(dim=-1)
            )
            (drop_path): DropPath()
            (norm2): LayerNorm((96,), eps=1e-05, elementwise_affine=True)
            (mlp): Mlp(
              (fc1): Linear(in_features=96, out_features=384, bias=True)
              (act): GELU(approximate=none)
              (fc2): Linear(in_features=384, out_features=96, bias=True)
              (drop): Dropout(p=0.0, inplace=False)
            )
          )
          (4): SwinTransformerBlock(
            dim=96, input_resolution=(16, 16), num_heads=6, window_size=4, shift_size=0, mlp_ratio=4
            (norm1): LayerNorm((96,), eps=1e-05, elementwise_affine=True)
            (attn): WindowAttention(
              dim=96, window_size=(4, 4), num_heads=6
              (qkv): Linear(in_features=96, out_features=288, bias=True)
              (attn_drop): Dropout(p=0.0, inplace=False)
              (proj): Linear(in_features=96, out_features=96, bias=True)
              (proj_drop): Dropout(p=0.0, inplace=False)
              (softmax): Softmax(dim=-1)
            )
            (drop_path): DropPath()
            (norm2): LayerNorm((96,), eps=1e-05, elementwise_affine=True)
            (mlp): Mlp(
              (fc1): Linear(in_features=96, out_features=384, bias=True)
              (act): GELU(approximate=none)
              (fc2): Linear(in_features=384, out_features=96, bias=True)
              (drop): Dropout(p=0.0, inplace=False)
            )
          )
          (5): SwinTransformerBlock(
            dim=96, input_resolution=(16, 16), num_heads=6, window_size=4, shift_size=2, mlp_ratio=4
            (norm1): LayerNorm((96,), eps=1e-05, elementwise_affine=True)
            (attn): WindowAttention(
              dim=96, window_size=(4, 4), num_heads=6
              (qkv): Linear(in_features=96, out_features=288, bias=True)
              (attn_drop): Dropout(p=0.0, inplace=False)
              (proj): Linear(in_features=96, out_features=96, bias=True)
              (proj_drop): Dropout(p=0.0, inplace=False)
              (softmax): Softmax(dim=-1)
            )
            (drop_path): DropPath()
            (norm2): LayerNorm((96,), eps=1e-05, elementwise_affine=True)
            (mlp): Mlp(
              (fc1): Linear(in_features=96, out_features=384, bias=True)
              (act): GELU(approximate=none)
              (fc2): Linear(in_features=384, out_features=96, bias=True)
              (drop): Dropout(p=0.0, inplace=False)
            )
          )
        )
      )
      (conv): Conv2d(96, 96, kernel_size=(3, 3), stride=(1, 1), padding=(1, 1))
      (patch_embed): PatchEmbed()
      (patch_unembed): PatchUnEmbed()
    )
  )
  (norm): LayerNorm((96,), eps=1e-05, elementwise_affine=True)
  (conv_after_body): Conv2d(96, 96, kernel_size=(3, 3), stride=(1, 1), padding=(1, 1))
  (conv_before_upsample): Sequential(
    (0): Conv2d(96, 64, kernel_size=(3, 3), stride=(1, 1), padding=(1, 1))
    (1): LeakyReLU(negative_slope=0.01, inplace=True)
  )
  (upsample): Upsample(
    (0): Conv2d(64, 256, kernel_size=(3, 3), stride=(1, 1), padding=(1, 1))
    (1): PixelShuffle(upscale_factor=2)
    (2): Conv2d(64, 256, kernel_size=(3, 3), stride=(1, 1), padding=(1, 1))
    (3): PixelShuffle(upscale_factor=2)
  )
  (conv_last): Conv2d(64, 1, kernel_size=(3, 3), stride=(1, 1), padding=(1, 1))
  (hgt_net): HGTNet(
    (hgt_net): Sequential(
      (0): Conv2d(1, 8, kernel_size=(3, 3), stride=(1, 1), padding=(1, 1))
      (1): PixelUnshuffle(downscale_factor=2)
      (2): LeakyReLU(negative_slope=0.1, inplace=True)
      (3): Conv2d(32, 32, kernel_size=(3, 3), stride=(1, 1), padding=(1, 1))
      (4): PixelUnshuffle(downscale_factor=2)
      (5): LeakyReLU(negative_slope=0.1, inplace=True)
      (6): Conv2d(128, 96, kernel_size=(3, 3), stride=(1, 1), padding=(1, 1))
    )
  )
  (film_gamma): Conv2d(96, 96, kernel_size=(1, 1), stride=(1, 1))
  (film_beta): Conv2d(96, 96, kernel_size=(1, 1), stride=(1, 1))
  (act): Activation()
)
2025-08-20 12:21:34,985 INFO: Loss [CharbonnierLoss] is created.
2025-08-20 12:21:34,993 INFO: Enable amp training: True
2025-08-20 12:21:34,993 INFO: Model [SimpleClimateModel] is created.
2025-08-20 12:21:37,249 INFO: Start training from epoch: 0, iter: 0
2025-08-20 12:27:21,580 INFO: [SwinI..][epoch:  0, iter:     500, lr:(2.000e-05,)] [eta: 12:43:51, time (data): 0.510 (0.006)] l_pix: 1.6283e-01 
2025-08-20 12:33:36,859 INFO: [SwinI..][epoch:  0, iter:   1,000, lr:(4.000e-05,)] [eta: 13:49:56, time (data): 0.745 (0.010)] l_pix: 1.2271e-01 
2025-08-20 12:39:50,691 INFO: [SwinI..][epoch:  0, iter:   1,500, lr:(6.000e-05,)] [eta: 14:06:40, time (data): 0.763 (0.010)] l_pix: 1.1233e-01 
2025-08-20 12:44:04,367 INFO: [SwinI..][epoch:  0, iter:   2,000, lr:(8.000e-05,)] [eta: 13:00:48, time (data): 0.401 (0.005)] l_pix: 1.0665e-01 
2025-08-20 12:46:55,999 INFO: [SwinI..][epoch:  1, iter:   2,500, lr:(1.000e-04,)] [eta: 11:41:01, time (data): 0.336 (0.004)] l_pix: 1.0594e-01 
2025-08-20 12:49:45,833 INFO: [SwinI..][epoch:  1, iter:   3,000, lr:(1.200e-04,)] [eta: 10:46:09, time (data): 0.342 (0.004)] l_pix: 1.0079e-01 
2025-08-20 12:52:35,321 INFO: [SwinI..][epoch:  1, iter:   3,500, lr:(1.400e-04,)] [eta: 10:06:02, time (data): 0.339 (0.004)] l_pix: 1.0288e-01 
2025-08-20 12:55:24,125 INFO: [SwinI..][epoch:  1, iter:   4,000, lr:(1.600e-04,)] [eta: 9:35:03, time (data): 0.337 (0.004)] l_pix: 9.9599e-02 
2025-08-20 12:58:15,838 INFO: [SwinI..][epoch:  2, iter:   4,500, lr:(1.800e-04,)] [eta: 9:11:04, time (data): 0.336 (0.004)] l_pix: 9.6468e-02 
2025-08-20 13:01:04,200 INFO: [SwinI..][epoch:  2, iter:   5,000, lr:(2.000e-04,)] [eta: 8:50:32, time (data): 0.336 (0.004)] l_pix: 9.7096e-02 
2025-08-20 13:03:52,571 INFO: [SwinI..][epoch:  2, iter:   5,500, lr:(1.600e-04,)] [eta: 8:33:14, time (data): 0.336 (0.004)] l_pix: 9.5549e-02 
2025-08-20 13:07:52,673 INFO: [SwinI..][epoch:  2, iter:   6,000, lr:(1.600e-04,)] [eta: 8:31:42, time (data): 0.543 (0.007)] l_pix: 9.4478e-02 
2025-08-20 13:12:43,133 INFO: [SwinI..][epoch:  2, iter:   6,500, lr:(1.600e-04,)] [eta: 8:38:23, time (data): 0.627 (0.008)] l_pix: 9.4961e-02 
2025-08-20 13:17:20,446 INFO: [SwinI..][epoch:  3, iter:   7,000, lr:(1.600e-04,)] [eta: 8:41:22, time (data): 0.386 (0.004)] l_pix: 9.4452e-02 
2025-08-20 13:20:18,608 INFO: [SwinI..][epoch:  3, iter:   7,500, lr:(1.600e-04,)] [eta: 8:28:53, time (data): 0.349 (0.003)] l_pix: 9.4479e-02 
2025-08-20 13:23:11,893 INFO: [SwinI..][epoch:  3, iter:   8,000, lr:(1.600e-04,)] [eta: 8:16:55, time (data): 0.346 (0.003)] l_pix: 9.2191e-02 
2025-08-20 13:26:13,232 INFO: [SwinI..][epoch:  3, iter:   8,500, lr:(1.600e-04,)] [eta: 8:07:03, time (data): 0.367 (0.004)] l_pix: 9.1260e-02 
2025-08-20 13:29:09,673 INFO: [SwinI..][epoch:  4, iter:   9,000, lr:(1.600e-04,)] [eta: 7:57:22, time (data): 0.345 (0.004)] l_pix: 9.1851e-02 
2025-08-20 13:32:02,176 INFO: [SwinI..][epoch:  4, iter:   9,500, lr:(1.600e-04,)] [eta: 7:47:57, time (data): 0.343 (0.004)] l_pix: 9.2090e-02 
2025-08-20 13:34:54,963 INFO: [SwinI..][epoch:  4, iter:  10,000, lr:(1.600e-04,)] [eta: 7:39:13, time (data): 0.347 (0.004)] l_pix: 8.9922e-02 
2025-08-20 13:34:54,963 INFO: Saving models and training states.
2025-08-20 13:53:53,047 INFO: Validation climate_val
	 # psnr: 34.3153	Best: 34.3153 @ 10000 iter
	 # ssim: 0.9294	Best: 0.9294 @ 10000 iter
	 # mae: 0.0771	Best: 0.0771 @ 10000 iter
	 # mse: 0.0136	Best: 0.0136 @ 10000 iter
	 # acc: 0.9579	Best: 0.9579 @ 10000 iter
	 # psd: 0.0549	Best: 0.0549 @ 10000 iter

2025-08-20 13:59:26,336 INFO: [SwinI..][epoch:  4, iter:  10,500, lr:(1.280e-04,)] [eta: 9:39:58, time (data): 0.854 (0.013)] l_pix: 9.1011e-02 
2025-08-20 14:06:24,789 INFO: [SwinI..][epoch:  5, iter:  11,000, lr:(1.280e-04,)] [eta: 9:48:32, time (data): 0.870 (0.050)] l_pix: 8.9345e-02 
2025-08-20 14:12:38,040 INFO: [SwinI..][epoch:  5, iter:  11,500, lr:(1.280e-04,)] [eta: 9:51:42, time (data): 0.584 (0.011)] l_pix: 9.0486e-02 
2025-08-20 14:15:59,547 INFO: [SwinI..][epoch:  5, iter:  12,000, lr:(1.280e-04,)] [eta: 9:39:32, time (data): 0.347 (0.003)] l_pix: 8.8800e-02 
2025-08-20 14:18:56,960 INFO: [SwinI..][epoch:  5, iter:  12,500, lr:(1.280e-04,)] [eta: 9:26:07, time (data): 0.374 (0.004)] l_pix: 8.9972e-02 
2025-08-20 14:21:54,479 INFO: [SwinI..][epoch:  5, iter:  13,000, lr:(1.280e-04,)] [eta: 9:13:31, time (data): 0.348 (0.004)] l_pix: 8.8925e-02 
2025-08-20 14:24:49,509 INFO: [SwinI..][epoch:  6, iter:  13,500, lr:(1.280e-04,)] [eta: 9:01:27, time (data): 0.343 (0.004)] l_pix: 8.6962e-02 
2025-08-20 14:27:42,281 INFO: [SwinI..][epoch:  6, iter:  14,000, lr:(1.280e-04,)] [eta: 8:49:53, time (data): 0.348 (0.003)] l_pix: 8.7834e-02 
2025-08-20 14:30:41,445 INFO: [SwinI..][epoch:  6, iter:  14,500, lr:(1.280e-04,)] [eta: 8:39:20, time (data): 0.368 (0.004)] l_pix: 8.7937e-02 
2025-08-20 14:33:43,321 INFO: [SwinI..][epoch:  6, iter:  15,000, lr:(1.280e-04,)] [eta: 8:29:28, time (data): 0.361 (0.003)] l_pix: 8.7257e-02 
2025-08-20 14:36:37,778 INFO: [SwinI..][epoch:  7, iter:  15,500, lr:(1.024e-04,)] [eta: 8:19:35, time (data): 0.344 (0.003)] l_pix: 8.8779e-02 
2025-08-20 14:39:30,127 INFO: [SwinI..][epoch:  7, iter:  16,000, lr:(1.024e-04,)] [eta: 8:10:01, time (data): 0.344 (0.004)] l_pix: 8.6818e-02 
2025-08-20 14:42:25,120 INFO: [SwinI..][epoch:  7, iter:  16,500, lr:(1.024e-04,)] [eta: 8:01:00, time (data): 0.364 (0.004)] l_pix: 8.7029e-02 
2025-08-20 14:45:17,176 INFO: [SwinI..][epoch:  7, iter:  17,000, lr:(1.024e-04,)] [eta: 7:52:11, time (data): 0.342 (0.003)] l_pix: 8.6527e-02 
2025-08-20 14:48:10,421 INFO: [SwinI..][epoch:  7, iter:  17,500, lr:(1.024e-04,)] [eta: 7:43:46, time (data): 0.337 (0.003)] l_pix: 8.6815e-02 
2025-08-20 14:51:04,706 INFO: [SwinI..][epoch:  8, iter:  18,000, lr:(1.024e-04,)] [eta: 7:35:43, time (data): 0.348 (0.004)] l_pix: 8.6392e-02 
2025-08-20 14:54:03,901 INFO: [SwinI..][epoch:  8, iter:  18,500, lr:(1.024e-04,)] [eta: 7:28:11, time (data): 0.395 (0.003)] l_pix: 8.5338e-02 
2025-08-20 14:56:56,962 INFO: [SwinI..][epoch:  8, iter:  19,000, lr:(1.024e-04,)] [eta: 7:20:35, time (data): 0.344 (0.003)] l_pix: 8.6204e-02 
2025-08-20 14:59:48,956 INFO: [SwinI..][epoch:  8, iter:  19,500, lr:(1.024e-04,)] [eta: 7:13:12, time (data): 0.340 (0.003)] l_pix: 8.6162e-02 
2025-08-20 15:02:43,495 INFO: [SwinI..][epoch:  9, iter:  20,000, lr:(1.024e-04,)] [eta: 7:06:08, time (data): 0.341 (0.003)] l_pix: 8.5584e-02 
2025-08-20 15:02:43,496 INFO: Saving models and training states.
2025-08-20 15:19:33,828 INFO: Validation climate_val
	 # psnr: 34.4495	Best: 34.4495 @ 20000 iter
	 # ssim: 0.9312	Best: 0.9312 @ 20000 iter
	 # mae: 0.0756	Best: 0.0756 @ 20000 iter
	 # mse: 0.0132	Best: 0.0132 @ 20000 iter
	 # acc: 0.9588	Best: 0.9588 @ 20000 iter
	 # psd: 0.0543	Best: 0.0543 @ 20000 iter

2025-08-20 15:23:19,839 INFO: [SwinI..][epoch:  9, iter:  20,500, lr:(8.190e-05,)] [eta: 7:44:39, time (data): 0.461 (0.004)] l_pix: 8.5678e-02 
2025-08-20 15:27:06,933 INFO: [SwinI..][epoch:  9, iter:  21,000, lr:(8.190e-05,)] [eta: 7:38:40, time (data): 0.461 (0.005)] l_pix: 8.6006e-02 
2025-08-20 15:30:43,360 INFO: [SwinI..][epoch:  9, iter:  21,500, lr:(8.190e-05,)] [eta: 7:32:20, time (data): 0.416 (0.004)] l_pix: 8.3511e-02 
2025-08-20 15:33:33,267 INFO: [SwinI..][epoch: 10, iter:  22,000, lr:(8.190e-05,)] [eta: 7:24:21, time (data): 0.364 (0.032)] l_pix: 8.5835e-02 
2025-08-20 15:36:21,356 INFO: [SwinI..][epoch: 10, iter:  22,500, lr:(8.190e-05,)] [eta: 7:16:31, time (data): 0.337 (0.003)] l_pix: 8.5142e-02 
2025-08-20 15:39:10,361 INFO: [SwinI..][epoch: 10, iter:  23,000, lr:(8.190e-05,)] [eta: 7:08:56, time (data): 0.336 (0.003)] l_pix: 8.5888e-02 
2025-08-20 15:41:58,666 INFO: [SwinI..][epoch: 10, iter:  23,500, lr:(8.190e-05,)] [eta: 7:01:32, time (data): 0.336 (0.003)] l_pix: 8.4821e-02 
2025-08-20 15:44:45,348 INFO: [SwinI..][epoch: 10, iter:  24,000, lr:(8.190e-05,)] [eta: 6:54:15, time (data): 0.332 (0.004)] l_pix: 8.4134e-02 
2025-08-20 15:47:35,054 INFO: [SwinI..][epoch: 11, iter:  24,500, lr:(8.190e-05,)] [eta: 6:47:16, time (data): 0.335 (0.004)] l_pix: 8.3129e-02 
2025-08-20 15:50:21,947 INFO: [SwinI..][epoch: 11, iter:  25,000, lr:(8.190e-05,)] [eta: 6:40:22, time (data): 0.336 (0.003)] l_pix: 8.3742e-02 
2025-08-20 15:53:09,212 INFO: [SwinI..][epoch: 11, iter:  25,500, lr:(8.190e-05,)] [eta: 6:33:38, time (data): 0.334 (0.003)] l_pix: 8.3689e-02 
2025-08-20 15:55:56,481 INFO: [SwinI..][epoch: 11, iter:  26,000, lr:(8.190e-05,)] [eta: 6:27:03, time (data): 0.332 (0.003)] l_pix: 8.4661e-02 
2025-08-20 15:58:46,156 INFO: [SwinI..][epoch: 12, iter:  26,500, lr:(8.190e-05,)] [eta: 6:20:41, time (data): 0.335 (0.004)] l_pix: 8.4765e-02 
2025-08-20 16:01:31,261 INFO: [SwinI..][epoch: 12, iter:  27,000, lr:(8.190e-05,)] [eta: 6:14:19, time (data): 0.338 (0.004)] l_pix: 8.3814e-02 
2025-08-20 16:04:21,930 INFO: [SwinI..][epoch: 12, iter:  27,500, lr:(8.190e-05,)] [eta: 6:08:14, time (data): 0.336 (0.003)] l_pix: 8.5196e-02 
2025-08-20 16:07:09,735 INFO: [SwinI..][epoch: 12, iter:  28,000, lr:(8.190e-05,)] [eta: 6:02:11, time (data): 0.337 (0.003)] l_pix: 8.4141e-02 
2025-08-20 16:10:03,739 INFO: [SwinI..][epoch: 13, iter:  28,500, lr:(8.190e-05,)] [eta: 5:56:25, time (data): 0.357 (0.021)] l_pix: 8.2393e-02 
2025-08-20 16:12:50,834 INFO: [SwinI..][epoch: 13, iter:  29,000, lr:(8.190e-05,)] [eta: 5:50:34, time (data): 0.334 (0.006)] l_pix: 8.4141e-02 
2025-08-20 16:15:36,878 INFO: [SwinI..][epoch: 13, iter:  29,500, lr:(8.190e-05,)] [eta: 5:44:48, time (data): 0.332 (0.003)] l_pix: 8.3237e-02 
2025-08-20 16:18:24,623 INFO: [SwinI..][epoch: 13, iter:  30,000, lr:(8.190e-05,)] [eta: 5:39:11, time (data): 0.338 (0.003)] l_pix: 8.2341e-02 
2025-08-20 16:18:24,624 INFO: Saving models and training states.
2025-08-20 16:36:42,216 INFO: Validation climate_val
	 # psnr: 34.3899	Best: 34.4495 @ 20000 iter
	 # ssim: 0.9305	Best: 0.9312 @ 20000 iter
	 # mae: 0.0763	Best: 0.0756 @ 20000 iter
	 # mse: 0.0134	Best: 0.0132 @ 20000 iter
	 # acc: 0.9586	Best: 0.9588 @ 20000 iter
	 # psd: 0.0559	Best: 0.0543 @ 20000 iter

2025-08-20 16:40:12,770 INFO: [SwinI..][epoch: 13, iter:  30,500, lr:(8.190e-05,)] [eta: 6:00:10, time (data): 0.419 (0.005)] l_pix: 8.2494e-02 
2025-08-20 16:44:19,675 INFO: [SwinI..][epoch: 14, iter:  31,000, lr:(8.190e-05,)] [eta: 5:55:47, time (data): 0.493 (0.005)] l_pix: 8.3198e-02 
2025-08-20 16:47:51,277 INFO: [SwinI..][epoch: 14, iter:  31,500, lr:(8.190e-05,)] [eta: 5:50:37, time (data): 0.337 (0.003)] l_pix: 8.3249e-02 
2025-08-20 16:50:40,943 INFO: [SwinI..][epoch: 14, iter:  32,000, lr:(8.190e-05,)] [eta: 5:44:37, time (data): 0.340 (0.003)] l_pix: 8.2908e-02 
2025-08-20 16:53:29,819 INFO: [SwinI..][epoch: 14, iter:  32,500, lr:(8.190e-05,)] [eta: 5:38:42, time (data): 0.336 (0.003)] l_pix: 8.1558e-02 
2025-08-20 16:57:46,533 INFO: [SwinI..][epoch: 15, iter:  33,000, lr:(8.190e-05,)] [eta: 5:34:39, time (data): 0.471 (0.005)] l_pix: 8.2578e-02 
2025-08-20 17:03:38,260 INFO: [SwinI..][epoch: 15, iter:  33,500, lr:(8.190e-05,)] [eta: 5:32:27, time (data): 0.712 (0.009)] l_pix: 8.2470e-02 
2025-08-20 17:09:30,172 INFO: [SwinI..][epoch: 15, iter:  34,000, lr:(8.190e-05,)] [eta: 5:30:10, time (data): 0.768 (0.011)] l_pix: 8.1558e-02 
2025-08-20 17:15:40,682 INFO: [SwinI..][epoch: 15, iter:  34,500, lr:(8.190e-05,)] [eta: 5:28:07, time (data): 0.768 (0.010)] l_pix: 8.2712e-02 
2025-08-20 17:21:32,977 INFO: [SwinI..][epoch: 15, iter:  35,000, lr:(8.190e-05,)] [eta: 5:25:37, time (data): 0.722 (0.011)] l_pix: 8.2904e-02 
2025-08-20 17:27:45,113 INFO: [SwinI..][epoch: 16, iter:  35,500, lr:(8.190e-05,)] [eta: 5:23:23, time (data): 0.743 (0.011)] l_pix: 8.1337e-02 
2025-08-20 17:32:17,129 INFO: [SwinI..][epoch: 16, iter:  36,000, lr:(8.190e-05,)] [eta: 5:19:18, time (data): 0.513 (0.005)] l_pix: 8.1478e-02 
2025-08-20 17:36:26,670 INFO: [SwinI..][epoch: 16, iter:  36,500, lr:(8.190e-05,)] [eta: 5:14:51, time (data): 0.389 (0.005)] l_pix: 8.2227e-02 
2025-08-20 17:39:38,767 INFO: [SwinI..][epoch: 16, iter:  37,000, lr:(8.190e-05,)] [eta: 5:09:28, time (data): 0.343 (0.003)] l_pix: 8.2153e-02 
2025-08-20 17:42:32,585 INFO: [SwinI..][epoch: 17, iter:  37,500, lr:(8.190e-05,)] [eta: 5:03:51, time (data): 0.343 (0.004)] l_pix: 8.0024e-02 
2025-08-20 17:45:03,038 INFO: [SwinI..][epoch: 17, iter:  38,000, lr:(8.190e-05,)] [eta: 4:57:57, time (data): 0.265 (0.002)] l_pix: 8.2083e-02 
2025-08-20 17:47:54,992 INFO: [SwinI..][epoch: 17, iter:  38,500, lr:(8.190e-05,)] [eta: 4:52:28, time (data): 0.365 (0.005)] l_pix: 7.9715e-02 
2025-08-20 17:50:45,304 INFO: [SwinI..][epoch: 17, iter:  39,000, lr:(8.190e-05,)] [eta: 4:47:01, time (data): 0.330 (0.003)] l_pix: 8.1722e-02 
2025-08-20 17:53:14,730 INFO: End of training. Time consumed: 5:31:37
2025-08-20 17:53:14,730 INFO: Save the latest model.
2025-08-20 18:10:39,492 INFO: Validation climate_val
	 # psnr: 34.3214	Best: 34.4495 @ 20000 iter
	 # ssim: 0.9297	Best: 0.9312 @ 20000 iter
	 # mae: 0.0765	Best: 0.0756 @ 20000 iter
	 # mse: 0.0136	Best: 0.0132 @ 20000 iter
	 # acc: 0.9580	Best: 0.9588 @ 20000 iter
	 # psd: 0.0533	Best: 0.0533 @ 39438 iter

