2025-08-20 10:07:50,522 INFO: 
                ____                _       _____  ____
               / __ ) ____ _ _____ (_)_____/ ___/ / __ \
              / __  |/ __ `// ___// // ___/\__ \ / /_/ /
             / /_/ // /_/ /(__  )/ // /__ ___/ // _, _/
            /_____/ \__,_//____//_/ \___//____//_/ |_|
     ______                   __   __                 __      __
    / ____/____   ____   ____/ /  / /   __  __ _____ / /__   / /
   / / __ / __ \ / __ \ / __  /  / /   / / / // ___// //_/  / /
  / /_/ // /_/ // /_/ // /_/ /  / /___/ /_/ // /__ / /<    /_/
  \____/ \____/ \____/ \____/  /_____/\____/ \___//_/|_|  (_)
    
Version Information: 
	BasicSR: 1.4.2
	PyTorch: 1.12.1+cu116
	TorchVision: 0.13.1+cu116
2025-08-20 10:07:50,523 INFO: 
  name: UNet_climate_baseline_7to1_64x64
  model_type: SimpleClimateModel
  scale: 4
  num_gpu: 2
  manual_seed: 0
  fp16: True
  datasets:[
    train:[
      name: climate_train
      type: ClimateDataset
      phase: train
      dataroot_gt: /home/lyb/diffusion/main2 copy/dataset
      normalize: True
      input_channels: 3
      input_channel_indices: [0, 1, 2]
      target_channel_index: 0
      use_topo: False
      use_shuffle: True
      num_worker_per_gpu: 1
      batch_size_per_gpu: 20
      prefetch_mode: None
      scale: 4
    ]
    val:[
      name: climate_val
      type: ClimateDataset
      phase: val
      dataroot_gt: /home/lyb/diffusion/main2 copy/dataset
      normalize: True
      input_channels: 3
      input_channel_indices: [0, 1, 2]
      target_channel_index: 0
      use_topo: False
      scale: 4
    ]
  ]
  network_g:[
    type: UNet
    add_hgt: False
    upscale: 4
    num_in_ch: 3
    num_out_ch: 1
    activation: none
  ]
  path:[
    pretrain_network_g: None
    strict_load_g: True
    resume_state: None
    experiments_root: /home/lyb/diffusion/main2 copy/TransfomerDownscaling-main/experiments/UNet_climate_baseline_7to1_64x64
    models: /home/lyb/diffusion/main2 copy/TransfomerDownscaling-main/experiments/UNet_climate_baseline_7to1_64x64/models
    training_states: /home/lyb/diffusion/main2 copy/TransfomerDownscaling-main/experiments/UNet_climate_baseline_7to1_64x64/training_states
    log: /home/lyb/diffusion/main2 copy/TransfomerDownscaling-main/experiments/UNet_climate_baseline_7to1_64x64
    visualization: /home/lyb/diffusion/main2 copy/TransfomerDownscaling-main/experiments/UNet_climate_baseline_7to1_64x64/visualization
  ]
  train:[
    optim_g:[
      type: Adam
      lr: 5e-05
      betas: [0.9, 0.99]
      weight_decay: 1e-06
    ]
    scheduler:[
      type: MultiStepLR
      milestones: [5000, 10000, 15000, 20000]
      gamma: 0.8
    ]
    total_iter: 73060
    warmup_iter: 500
    pixel_opt:[
      type: CharbonnierLoss
      loss_weight: 1.0
      reduction: mean
      eps: 0.001
    ]
  ]
  val:[
    val_freq: 10000
    save_img: False
    pbar: True
    metrics:[
      psnr:[
        type: calculate_psnr
        crop_border: 0
        test_y_channel: False
        better: higher
      ]
      ssim:[
        type: calculate_ssim
        crop_border: 0
        test_y_channel: False
        better: higher
      ]
      mae:[
        type: calculate_climate_mae
        crop_border: 0
        better: lower
      ]
      mse:[
        type: calculate_climate_mse
        crop_border: 0
        better: lower
      ]
      acc:[
        type: calculate_climate_acc_tiles
        crop_border: 0
        better: higher
      ]
      psd:[
        type: calculate_climate_psd_log
        crop_border: 0
        better: lower
      ]
    ]
  ]
  logger:[
    print_freq: 500
    save_checkpoint_freq: 10000
    use_tb_logger: True
  ]
  dist_params:[
    backend: nccl
    port: 29500
  ]
  dist: False
  rank: 0
  world_size: 1
  auto_resume: False
  is_train: True
  root_path: /home/lyb/diffusion/main2 copy/TransfomerDownscaling-main

2025-08-20 10:07:50,611 INFO: Loading data from /home/lyb/diffusion/main2 copy/dataset/dict_s2s_train.pt
2025-08-20 10:08:00,014 INFO: Detected legacy in-memory tensor dataset format.
2025-08-20 10:08:00,015 INFO: LR_input shape (raw): (3, 87672, 16, 16)
2025-08-20 10:08:00,015 INFO: HR_target shape (raw): (3, 87672, 64, 64)
2025-08-20 10:08:00,015 INFO: HR_topo shape: (2, 64, 64)
2025-08-20 10:08:01,141 INFO: Unified LR shape [N,C,H,W]: (87672, 3, 16, 16)
2025-08-20 10:08:01,141 INFO: Unified HR shape [N,1,H,W]: (87672, 1, 64, 64)
2025-08-20 10:08:02,113 INFO: LR mean: tensor([-0.3224, -0.0165,  0.7150])
2025-08-20 10:08:02,114 INFO: LR std: tensor([1.1106, 0.9532, 0.3245])
2025-08-20 10:08:02,114 INFO: HR mean: -0.3548726439476013
2025-08-20 10:08:02,114 INFO: HR std: 1.097210168838501
2025-08-20 10:08:03,685 INFO: Dataset [ClimateDataset] - climate_train is built.
2025-08-20 10:08:03,686 INFO: Training statistics:
	Number of train images: 87672
	Dataset enlarge ratio: 1
	Batch size per gpu: 20
	World size (gpu number): 1
	Require iter number per epoch: 4384
	Total epochs: 17; iters: 73060.
2025-08-20 10:08:03,686 INFO: Loading data from /home/lyb/diffusion/main2 copy/dataset/dict_s2s_val.pt
2025-08-20 10:08:04,648 INFO: Detected legacy in-memory tensor dataset format.
2025-08-20 10:08:04,649 INFO: LR_input shape (raw): (3, 8760, 16, 16)
2025-08-20 10:08:04,649 INFO: HR_target shape (raw): (3, 8760, 64, 64)
2025-08-20 10:08:04,649 INFO: HR_topo shape: (2, 64, 64)
2025-08-20 10:08:04,786 INFO: Unified LR shape [N,C,H,W]: (8760, 3, 16, 16)
2025-08-20 10:08:04,786 INFO: Unified HR shape [N,1,H,W]: (8760, 1, 64, 64)
2025-08-20 10:08:04,950 INFO: LR mean: tensor([-0.3108, -0.0110,  0.7089])
2025-08-20 10:08:04,950 INFO: LR std: tensor([1.1441, 0.9277, 0.3185])
2025-08-20 10:08:04,951 INFO: HR mean: -0.34806132316589355
2025-08-20 10:08:04,951 INFO: HR std: 1.1247708797454834
2025-08-20 10:08:05,104 INFO: Dataset [ClimateDataset] - climate_val is built.
2025-08-20 10:08:05,105 INFO: Number of val images/folders in climate_val: 8760
2025-08-20 10:08:05,638 INFO: Network [UNet] is created.
2025-08-20 10:08:09,430 INFO: Network: DataParallel - UNet, with parameters: 31,370,497
2025-08-20 10:08:09,431 INFO: UNet(
  (inc): DoubleConv(
    (double_conv): Sequential(
      (0): Conv2d(3, 64, kernel_size=(3, 3), stride=(1, 1), padding=(1, 1), bias=False)
      (1): BatchNorm2d(64, eps=1e-05, momentum=0.1, affine=True, track_running_stats=True)
      (2): ReLU(inplace=True)
      (3): Conv2d(64, 64, kernel_size=(3, 3), stride=(1, 1), padding=(1, 1), bias=False)
      (4): BatchNorm2d(64, eps=1e-05, momentum=0.1, affine=True, track_running_stats=True)
      (5): ReLU(inplace=True)
    )
  )
  (down1): Down(
    (maxpool_conv): Sequential(
      (0): MaxPool2d(kernel_size=2, stride=2, padding=0, dilation=1, ceil_mode=False)
      (1): DoubleConv(
        (double_conv): Sequential(
          (0): Conv2d(64, 128, kernel_size=(3, 3), stride=(1, 1), padding=(1, 1), bias=False)
          (1): BatchNorm2d(128, eps=1e-05, momentum=0.1, affine=True, track_running_stats=True)
          (2): ReLU(inplace=True)
          (3): Conv2d(128, 128, kernel_size=(3, 3), stride=(1, 1), padding=(1, 1), bias=False)
          (4): BatchNorm2d(128, eps=1e-05, momentum=0.1, affine=True, track_running_stats=True)
          (5): ReLU(inplace=True)
        )
      )
    )
  )
  (down2): Down(
    (maxpool_conv): Sequential(
      (0): MaxPool2d(kernel_size=2, stride=2, padding=0, dilation=1, ceil_mode=False)
      (1): DoubleConv(
        (double_conv): Sequential(
          (0): Conv2d(128, 256, kernel_size=(3, 3), stride=(1, 1), padding=(1, 1), bias=False)
          (1): BatchNorm2d(256, eps=1e-05, momentum=0.1, affine=True, track_running_stats=True)
          (2): ReLU(inplace=True)
          (3): Conv2d(256, 256, kernel_size=(3, 3), stride=(1, 1), padding=(1, 1), bias=False)
          (4): BatchNorm2d(256, eps=1e-05, momentum=0.1, affine=True, track_running_stats=True)
          (5): ReLU(inplace=True)
        )
      )
    )
  )
  (down3): Down(
    (maxpool_conv): Sequential(
      (0): MaxPool2d(kernel_size=2, stride=2, padding=0, dilation=1, ceil_mode=False)
      (1): DoubleConv(
        (double_conv): Sequential(
          (0): Conv2d(256, 512, kernel_size=(3, 3), stride=(1, 1), padding=(1, 1), bias=False)
          (1): BatchNorm2d(512, eps=1e-05, momentum=0.1, affine=True, track_running_stats=True)
          (2): ReLU(inplace=True)
          (3): Conv2d(512, 512, kernel_size=(3, 3), stride=(1, 1), padding=(1, 1), bias=False)
          (4): BatchNorm2d(512, eps=1e-05, momentum=0.1, affine=True, track_running_stats=True)
          (5): ReLU(inplace=True)
        )
      )
    )
  )
  (down4): Down(
    (maxpool_conv): Sequential(
      (0): MaxPool2d(kernel_size=2, stride=2, padding=0, dilation=1, ceil_mode=False)
      (1): DoubleConv(
        (double_conv): Sequential(
          (0): Conv2d(512, 1024, kernel_size=(3, 3), stride=(1, 1), padding=(1, 1), bias=False)
          (1): BatchNorm2d(1024, eps=1e-05, momentum=0.1, affine=True, track_running_stats=True)
          (2): ReLU(inplace=True)
          (3): Conv2d(1024, 1024, kernel_size=(3, 3), stride=(1, 1), padding=(1, 1), bias=False)
          (4): BatchNorm2d(1024, eps=1e-05, momentum=0.1, affine=True, track_running_stats=True)
          (5): ReLU(inplace=True)
        )
      )
    )
  )
  (up1): Up(
    (up): ConvTranspose2d(1024, 512, kernel_size=(2, 2), stride=(2, 2))
    (conv): DoubleConv(
      (double_conv): Sequential(
        (0): Conv2d(1024, 512, kernel_size=(3, 3), stride=(1, 1), padding=(1, 1), bias=False)
        (1): BatchNorm2d(512, eps=1e-05, momentum=0.1, affine=True, track_running_stats=True)
        (2): ReLU(inplace=True)
        (3): Conv2d(512, 512, kernel_size=(3, 3), stride=(1, 1), padding=(1, 1), bias=False)
        (4): BatchNorm2d(512, eps=1e-05, momentum=0.1, affine=True, track_running_stats=True)
        (5): ReLU(inplace=True)
      )
    )
  )
  (up2): Up(
    (up): ConvTranspose2d(512, 256, kernel_size=(2, 2), stride=(2, 2))
    (conv): DoubleConv(
      (double_conv): Sequential(
        (0): Conv2d(512, 256, kernel_size=(3, 3), stride=(1, 1), padding=(1, 1), bias=False)
        (1): BatchNorm2d(256, eps=1e-05, momentum=0.1, affine=True, track_running_stats=True)
        (2): ReLU(inplace=True)
        (3): Conv2d(256, 256, kernel_size=(3, 3), stride=(1, 1), padding=(1, 1), bias=False)
        (4): BatchNorm2d(256, eps=1e-05, momentum=0.1, affine=True, track_running_stats=True)
        (5): ReLU(inplace=True)
      )
    )
  )
  (up3): Up(
    (up): ConvTranspose2d(256, 128, kernel_size=(2, 2), stride=(2, 2))
    (conv): DoubleConv(
      (double_conv): Sequential(
        (0): Conv2d(256, 128, kernel_size=(3, 3), stride=(1, 1), padding=(1, 1), bias=False)
        (1): BatchNorm2d(128, eps=1e-05, momentum=0.1, affine=True, track_running_stats=True)
        (2): ReLU(inplace=True)
        (3): Conv2d(128, 128, kernel_size=(3, 3), stride=(1, 1), padding=(1, 1), bias=False)
        (4): BatchNorm2d(128, eps=1e-05, momentum=0.1, affine=True, track_running_stats=True)
        (5): ReLU(inplace=True)
      )
    )
  )
  (up4): Up(
    (up): ConvTranspose2d(128, 64, kernel_size=(2, 2), stride=(2, 2))
    (conv): DoubleConv(
      (double_conv): Sequential(
        (0): Conv2d(128, 64, kernel_size=(3, 3), stride=(1, 1), padding=(1, 1), bias=False)
        (1): BatchNorm2d(64, eps=1e-05, momentum=0.1, affine=True, track_running_stats=True)
        (2): ReLU(inplace=True)
        (3): Conv2d(64, 64, kernel_size=(3, 3), stride=(1, 1), padding=(1, 1), bias=False)
        (4): BatchNorm2d(64, eps=1e-05, momentum=0.1, affine=True, track_running_stats=True)
        (5): ReLU(inplace=True)
      )
    )
  )
  (conv_before_upsample): Sequential(
    (0): Conv2d(64, 64, kernel_size=(3, 3), stride=(1, 1), padding=(1, 1))
    (1): LeakyReLU(negative_slope=0.01, inplace=True)
  )
  (upsample): Upsample(
    (0): Conv2d(64, 256, kernel_size=(3, 3), stride=(1, 1), padding=(1, 1))
    (1): PixelShuffle(upscale_factor=2)
    (2): Conv2d(64, 256, kernel_size=(3, 3), stride=(1, 1), padding=(1, 1))
    (3): PixelShuffle(upscale_factor=2)
  )
  (conv_last): Conv2d(64, 1, kernel_size=(3, 3), stride=(1, 1), padding=(1, 1))
  (act): Activation()
)
2025-08-20 10:08:09,432 INFO: Loss [CharbonnierLoss] is created.
2025-08-20 10:08:09,434 INFO: Enable amp training: True
2025-08-20 10:08:09,435 INFO: Model [SimpleClimateModel] is created.
2025-08-20 10:08:10,701 INFO: Start training from epoch: 0, iter: 0
2025-08-20 10:09:19,359 INFO: [UNet_..][epoch:  0, iter:     500, lr:(4.990e-05,)] [eta: 2:02:07, time (data): 0.099 (0.004)] l_pix: 1.5796e-01 
2025-08-20 10:10:08,602 INFO: [UNet_..][epoch:  0, iter:   1,000, lr:(4.990e-05,)] [eta: 1:59:46, time (data): 0.098 (0.004)] l_pix: 1.3476e-01 
2025-08-20 10:11:08,256 INFO: [UNet_..][epoch:  0, iter:   1,500, lr:(4.990e-05,)] [eta: 2:06:43, time (data): 0.152 (0.006)] l_pix: 1.1896e-01 
2025-08-20 10:12:33,547 INFO: [UNet_..][epoch:  0, iter:   2,000, lr:(4.990e-05,)] [eta: 2:24:52, time (data): 0.165 (0.007)] l_pix: 1.1846e-01 
2025-08-20 10:14:00,231 INFO: [UNet_..][epoch:  1, iter:   2,500, lr:(4.990e-05,)] [eta: 2:35:51, time (data): 0.167 (0.007)] l_pix: 1.1441e-01 
2025-08-20 10:15:20,755 INFO: [UNet_..][epoch:  1, iter:   3,000, lr:(4.990e-05,)] [eta: 2:40:17, time (data): 0.154 (0.006)] l_pix: 1.1494e-01 
2025-08-20 10:16:17,530 INFO: [UNet_..][epoch:  1, iter:   3,500, lr:(4.990e-05,)] [eta: 2:35:13, time (data): 0.114 (0.004)] l_pix: 1.1224e-01 
2025-08-20 10:17:14,818 INFO: [UNet_..][epoch:  1, iter:   4,000, lr:(4.990e-05,)] [eta: 2:31:19, time (data): 0.115 (0.004)] l_pix: 1.0807e-01 
2025-08-20 10:18:14,889 INFO: [UNet_..][epoch:  2, iter:   4,500, lr:(4.990e-05,)] [eta: 2:28:47, time (data): 0.117 (0.004)] l_pix: 1.0218e-01 
2025-08-20 10:19:22,145 INFO: [UNet_..][epoch:  2, iter:   5,000, lr:(4.990e-05,)] [eta: 2:28:11, time (data): 0.156 (0.006)] l_pix: 1.0777e-01 
2025-08-20 10:20:43,175 INFO: [UNet_..][epoch:  2, iter:   5,500, lr:(3.992e-05,)] [eta: 2:30:19, time (data): 0.159 (0.007)] l_pix: 1.0207e-01 
2025-08-20 10:22:00,016 INFO: [UNet_..][epoch:  2, iter:   6,000, lr:(3.992e-05,)] [eta: 2:31:05, time (data): 0.143 (0.006)] l_pix: 1.0095e-01 
2025-08-20 10:23:18,707 INFO: [UNet_..][epoch:  2, iter:   6,500, lr:(3.992e-05,)] [eta: 2:31:51, time (data): 0.149 (0.006)] l_pix: 1.0521e-01 
2025-08-20 10:24:19,943 INFO: [UNet_..][epoch:  3, iter:   7,000, lr:(3.992e-05,)] [eta: 2:29:34, time (data): 0.116 (0.003)] l_pix: 1.0200e-01 
2025-08-20 10:25:16,910 INFO: [UNet_..][epoch:  3, iter:   7,500, lr:(3.992e-05,)] [eta: 2:26:51, time (data): 0.116 (0.004)] l_pix: 9.8294e-02 
2025-08-20 10:26:13,059 INFO: [UNet_..][epoch:  3, iter:   8,000, lr:(3.992e-05,)] [eta: 2:24:14, time (data): 0.113 (0.005)] l_pix: 9.8505e-02 
2025-08-20 10:27:20,232 INFO: [UNet_..][epoch:  3, iter:   8,500, lr:(3.992e-05,)] [eta: 2:23:12, time (data): 0.155 (0.006)] l_pix: 9.7230e-02 
2025-08-20 10:28:41,822 INFO: [UNet_..][epoch:  4, iter:   9,000, lr:(3.992e-05,)] [eta: 2:23:53, time (data): 0.156 (0.006)] l_pix: 1.0217e-01 
2025-08-20 10:30:02,182 INFO: [UNet_..][epoch:  4, iter:   9,500, lr:(3.992e-05,)] [eta: 2:24:12, time (data): 0.160 (0.007)] l_pix: 9.9918e-02 
2025-08-20 10:31:17,093 INFO: [UNet_..][epoch:  4, iter:  10,000, lr:(3.992e-05,)] [eta: 2:23:47, time (data): 0.134 (0.005)] l_pix: 9.2559e-02 
2025-08-20 10:31:17,094 INFO: Saving models and training states.
2025-08-20 10:39:31,286 INFO: Validation climate_val
	 # psnr: 32.7240	Best: 32.7240 @ 10000 iter
	 # ssim: 0.9091	Best: 0.9091 @ 10000 iter
	 # mae: 0.0930	Best: 0.0930 @ 10000 iter
	 # mse: 0.0197	Best: 0.0197 @ 10000 iter
	 # acc: 0.9455	Best: 0.9455 @ 10000 iter
	 # psd: 0.0676	Best: 0.0676 @ 10000 iter

2025-08-20 10:40:52,972 INFO: [UNet_..][epoch:  4, iter:  10,500, lr:(3.194e-05,)] [eta: 3:13:02, time (data): 0.157 (0.007)] l_pix: 9.6329e-02 
2025-08-20 10:42:09,837 INFO: [UNet_..][epoch:  5, iter:  11,000, lr:(3.194e-05,)] [eta: 3:10:01, time (data): 0.143 (0.023)] l_pix: 9.3768e-02 
2025-08-20 10:43:01,992 INFO: [UNet_..][epoch:  5, iter:  11,500, lr:(3.194e-05,)] [eta: 3:04:56, time (data): 0.101 (0.002)] l_pix: 9.7148e-02 
2025-08-20 10:43:53,422 INFO: [UNet_..][epoch:  5, iter:  12,000, lr:(3.194e-05,)] [eta: 3:00:09, time (data): 0.103 (0.002)] l_pix: 9.1339e-02 
2025-08-20 10:44:45,677 INFO: [UNet_..][epoch:  5, iter:  12,500, lr:(3.194e-05,)] [eta: 2:55:45, time (data): 0.105 (0.003)] l_pix: 9.5758e-02 
2025-08-20 10:45:41,406 INFO: [UNet_..][epoch:  5, iter:  13,000, lr:(3.194e-05,)] [eta: 2:51:53, time (data): 0.125 (0.005)] l_pix: 9.7335e-02 
2025-08-20 10:46:54,746 INFO: [UNet_..][epoch:  6, iter:  13,500, lr:(3.194e-05,)] [eta: 2:49:32, time (data): 0.155 (0.007)] l_pix: 9.2619e-02 
2025-08-20 10:48:13,756 INFO: [UNet_..][epoch:  6, iter:  14,000, lr:(3.194e-05,)] [eta: 2:47:40, time (data): 0.153 (0.006)] l_pix: 9.1307e-02 
2025-08-20 10:49:29,896 INFO: [UNet_..][epoch:  6, iter:  14,500, lr:(3.194e-05,)] [eta: 2:45:38, time (data): 0.151 (0.005)] l_pix: 9.2529e-02 
2025-08-20 10:50:46,902 INFO: [UNet_..][epoch:  6, iter:  15,000, lr:(3.194e-05,)] [eta: 2:43:43, time (data): 0.155 (0.006)] l_pix: 8.9234e-02 
2025-08-20 10:52:07,107 INFO: [UNet_..][epoch:  7, iter:  15,500, lr:(2.555e-05,)] [eta: 2:42:02, time (data): 0.144 (0.005)] l_pix: 8.9571e-02 
2025-08-20 10:53:24,003 INFO: [UNet_..][epoch:  7, iter:  16,000, lr:(2.555e-05,)] [eta: 2:40:11, time (data): 0.152 (0.006)] l_pix: 8.9678e-02 
2025-08-20 10:54:40,514 INFO: [UNet_..][epoch:  7, iter:  16,500, lr:(2.555e-05,)] [eta: 2:38:20, time (data): 0.146 (0.006)] l_pix: 9.3342e-02 
2025-08-20 10:55:56,050 INFO: [UNet_..][epoch:  7, iter:  17,000, lr:(2.555e-05,)] [eta: 2:36:28, time (data): 0.150 (0.006)] l_pix: 8.9567e-02 
2025-08-20 10:57:02,511 INFO: [UNet_..][epoch:  7, iter:  17,500, lr:(2.555e-05,)] [eta: 2:34:10, time (data): 0.105 (0.003)] l_pix: 8.7816e-02 
2025-08-20 10:57:57,220 INFO: [UNet_..][epoch:  8, iter:  18,000, lr:(2.555e-05,)] [eta: 2:31:19, time (data): 0.105 (0.002)] l_pix: 8.7135e-02 
2025-08-20 10:58:49,566 INFO: [UNet_..][epoch:  8, iter:  18,500, lr:(2.555e-05,)] [eta: 2:28:28, time (data): 0.105 (0.002)] l_pix: 8.5284e-02 
2025-08-20 10:59:42,582 INFO: [UNet_..][epoch:  8, iter:  19,000, lr:(2.555e-05,)] [eta: 2:25:45, time (data): 0.109 (0.005)] l_pix: 8.7899e-02 
2025-08-20 11:00:38,090 INFO: [UNet_..][epoch:  8, iter:  19,500, lr:(2.555e-05,)] [eta: 2:23:14, time (data): 0.106 (0.002)] l_pix: 9.2205e-02 
2025-08-20 11:01:37,828 INFO: [UNet_..][epoch:  9, iter:  20,000, lr:(2.555e-05,)] [eta: 2:20:59, time (data): 0.116 (0.002)] l_pix: 8.7262e-02 
2025-08-20 11:01:37,829 INFO: Saving models and training states.
2025-08-20 11:13:49,446 INFO: Validation climate_val
	 # psnr: 32.6968	Best: 32.7240 @ 10000 iter
	 # ssim: 0.9090	Best: 0.9091 @ 10000 iter
	 # mae: 0.0929	Best: 0.0929 @ 20000 iter
	 # mse: 0.0199	Best: 0.0197 @ 10000 iter
	 # acc: 0.9452	Best: 0.9455 @ 10000 iter
	 # psd: 0.0653	Best: 0.0653 @ 20000 iter

2025-08-20 11:15:14,586 INFO: [UNet_..][epoch:  9, iter:  20,500, lr:(2.044e-05,)] [eta: 2:51:09, time (data): 0.167 (0.007)] l_pix: 8.5933e-02 
2025-08-20 11:16:36,913 INFO: [UNet_..][epoch:  9, iter:  21,000, lr:(2.044e-05,)] [eta: 2:48:54, time (data): 0.165 (0.008)] l_pix: 8.7830e-02 
2025-08-20 11:17:58,967 INFO: [UNet_..][epoch:  9, iter:  21,500, lr:(2.044e-05,)] [eta: 2:46:40, time (data): 0.163 (0.008)] l_pix: 8.5170e-02 
2025-08-20 11:19:26,049 INFO: [UNet_..][epoch: 10, iter:  22,000, lr:(2.044e-05,)] [eta: 2:44:40, time (data): 0.216 (0.052)] l_pix: 8.6552e-02 
2025-08-20 11:20:39,406 INFO: [UNet_..][epoch: 10, iter:  22,500, lr:(2.044e-05,)] [eta: 2:42:10, time (data): 0.126 (0.004)] l_pix: 8.8345e-02 
2025-08-20 11:21:36,535 INFO: [UNet_..][epoch: 10, iter:  23,000, lr:(2.044e-05,)] [eta: 2:39:09, time (data): 0.116 (0.002)] l_pix: 8.7449e-02 
2025-08-20 11:22:33,156 INFO: [UNet_..][epoch: 10, iter:  23,500, lr:(2.044e-05,)] [eta: 2:36:12, time (data): 0.114 (0.003)] l_pix: 8.4901e-02 
2025-08-20 11:23:29,762 INFO: [UNet_..][epoch: 10, iter:  24,000, lr:(2.044e-05,)] [eta: 2:33:20, time (data): 0.113 (0.002)] l_pix: 8.4028e-02 
2025-08-20 11:24:29,626 INFO: [UNet_..][epoch: 11, iter:  24,500, lr:(2.044e-05,)] [eta: 2:30:39, time (data): 0.116 (0.003)] l_pix: 8.4650e-02 
2025-08-20 11:25:26,220 INFO: [UNet_..][epoch: 11, iter:  25,000, lr:(2.044e-05,)] [eta: 2:27:56, time (data): 0.116 (0.003)] l_pix: 8.4451e-02 
2025-08-20 11:26:22,483 INFO: [UNet_..][epoch: 11, iter:  25,500, lr:(2.044e-05,)] [eta: 2:25:16, time (data): 0.112 (0.003)] l_pix: 8.3365e-02 
2025-08-20 11:27:20,081 INFO: [UNet_..][epoch: 11, iter:  26,000, lr:(2.044e-05,)] [eta: 2:22:43, time (data): 0.119 (0.003)] l_pix: 8.5137e-02 
2025-08-20 11:28:20,055 INFO: [UNet_..][epoch: 12, iter:  26,500, lr:(2.044e-05,)] [eta: 2:20:17, time (data): 0.115 (0.002)] l_pix: 8.6285e-02 
2025-08-20 11:29:16,579 INFO: [UNet_..][epoch: 12, iter:  27,000, lr:(2.044e-05,)] [eta: 2:17:49, time (data): 0.114 (0.002)] l_pix: 8.3640e-02 
2025-08-20 11:30:13,446 INFO: [UNet_..][epoch: 12, iter:  27,500, lr:(2.044e-05,)] [eta: 2:15:25, time (data): 0.113 (0.003)] l_pix: 8.5227e-02 
2025-08-20 11:31:10,112 INFO: [UNet_..][epoch: 12, iter:  28,000, lr:(2.044e-05,)] [eta: 2:13:03, time (data): 0.113 (0.003)] l_pix: 8.3504e-02 
2025-08-20 11:32:09,935 INFO: [UNet_..][epoch: 13, iter:  28,500, lr:(2.044e-05,)] [eta: 2:10:50, time (data): 0.130 (0.020)] l_pix: 8.3387e-02 
2025-08-20 11:33:06,366 INFO: [UNet_..][epoch: 13, iter:  29,000, lr:(2.044e-05,)] [eta: 2:08:34, time (data): 0.112 (0.003)] l_pix: 8.3537e-02 
2025-08-20 11:34:03,256 INFO: [UNet_..][epoch: 13, iter:  29,500, lr:(2.044e-05,)] [eta: 2:06:21, time (data): 0.113 (0.002)] l_pix: 8.2834e-02 
2025-08-20 11:35:00,604 INFO: [UNet_..][epoch: 13, iter:  30,000, lr:(2.044e-05,)] [eta: 2:04:11, time (data): 0.114 (0.002)] l_pix: 8.2806e-02 
2025-08-20 11:35:00,605 INFO: Saving models and training states.
2025-08-20 11:41:49,668 INFO: Validation climate_val
	 # psnr: 32.6254	Best: 32.7240 @ 10000 iter
	 # ssim: 0.9083	Best: 0.9091 @ 10000 iter
	 # mae: 0.0936	Best: 0.0929 @ 20000 iter
	 # mse: 0.0202	Best: 0.0197 @ 10000 iter
	 # acc: 0.9445	Best: 0.9455 @ 10000 iter
	 # psd: 0.0624	Best: 0.0624 @ 30000 iter

2025-08-20 11:42:46,623 INFO: [UNet_..][epoch: 13, iter:  30,500, lr:(2.044e-05,)] [eta: 2:11:34, time (data): 0.113 (0.003)] l_pix: 8.1858e-02 
2025-08-20 11:43:46,416 INFO: [UNet_..][epoch: 14, iter:  31,000, lr:(2.044e-05,)] [eta: 2:09:17, time (data): 0.114 (0.003)] l_pix: 8.2455e-02 
2025-08-20 11:44:43,575 INFO: [UNet_..][epoch: 14, iter:  31,500, lr:(2.044e-05,)] [eta: 2:06:58, time (data): 0.115 (0.003)] l_pix: 8.4836e-02 
2025-08-20 11:45:40,497 INFO: [UNet_..][epoch: 14, iter:  32,000, lr:(2.044e-05,)] [eta: 2:04:42, time (data): 0.113 (0.002)] l_pix: 8.1549e-02 
2025-08-20 11:46:37,376 INFO: [UNet_..][epoch: 14, iter:  32,500, lr:(2.044e-05,)] [eta: 2:02:28, time (data): 0.114 (0.003)] l_pix: 8.2178e-02 
2025-08-20 11:47:37,074 INFO: [UNet_..][epoch: 15, iter:  33,000, lr:(2.044e-05,)] [eta: 2:00:20, time (data): 0.113 (0.003)] l_pix: 8.1616e-02 
2025-08-20 11:48:33,640 INFO: [UNet_..][epoch: 15, iter:  33,500, lr:(2.044e-05,)] [eta: 1:58:10, time (data): 0.112 (0.003)] l_pix: 8.1719e-02 
2025-08-20 11:49:30,570 INFO: [UNet_..][epoch: 15, iter:  34,000, lr:(2.044e-05,)] [eta: 1:56:03, time (data): 0.111 (0.002)] l_pix: 8.1024e-02 
2025-08-20 11:50:27,568 INFO: [UNet_..][epoch: 15, iter:  34,500, lr:(2.044e-05,)] [eta: 1:53:58, time (data): 0.115 (0.002)] l_pix: 8.1957e-02 
2025-08-20 11:51:24,120 INFO: [UNet_..][epoch: 15, iter:  35,000, lr:(2.044e-05,)] [eta: 1:51:54, time (data): 0.117 (0.003)] l_pix: 8.2004e-02 
2025-08-20 11:52:24,368 INFO: [UNet_..][epoch: 16, iter:  35,500, lr:(2.044e-05,)] [eta: 1:49:57, time (data): 0.117 (0.003)] l_pix: 8.1393e-02 
2025-08-20 11:53:21,874 INFO: [UNet_..][epoch: 16, iter:  36,000, lr:(2.044e-05,)] [eta: 1:47:58, time (data): 0.125 (0.002)] l_pix: 8.0436e-02 
2025-08-20 11:54:18,787 INFO: [UNet_..][epoch: 16, iter:  36,500, lr:(2.044e-05,)] [eta: 1:46:00, time (data): 0.114 (0.002)] l_pix: 8.2294e-02 
2025-08-20 11:55:15,786 INFO: [UNet_..][epoch: 16, iter:  37,000, lr:(2.044e-05,)] [eta: 1:44:03, time (data): 0.112 (0.002)] l_pix: 8.0431e-02 
2025-08-20 11:56:15,497 INFO: [UNet_..][epoch: 17, iter:  37,500, lr:(2.044e-05,)] [eta: 1:42:11, time (data): 0.114 (0.002)] l_pix: 7.8759e-02 
2025-08-20 11:57:12,719 INFO: [UNet_..][epoch: 17, iter:  38,000, lr:(2.044e-05,)] [eta: 1:40:18, time (data): 0.108 (0.003)] l_pix: 8.0605e-02 
2025-08-20 11:58:09,613 INFO: [UNet_..][epoch: 17, iter:  38,500, lr:(2.044e-05,)] [eta: 1:38:27, time (data): 0.114 (0.002)] l_pix: 7.9200e-02 
2025-08-20 11:59:06,977 INFO: [UNet_..][epoch: 17, iter:  39,000, lr:(2.044e-05,)] [eta: 1:36:37, time (data): 0.114 (0.003)] l_pix: 8.0548e-02 
2025-08-20 11:59:57,626 INFO: End of training. Time consumed: 1:51:46
2025-08-20 11:59:57,627 INFO: Save the latest model.
2025-08-20 12:11:05,345 INFO: Validation climate_val
	 # psnr: 32.6160	Best: 32.7240 @ 10000 iter
	 # ssim: 0.9078	Best: 0.9091 @ 10000 iter
	 # mae: 0.0935	Best: 0.0929 @ 20000 iter
	 # mse: 0.0202	Best: 0.0197 @ 10000 iter
	 # acc: 0.9441	Best: 0.9455 @ 10000 iter
	 # psd: 0.0633	Best: 0.0624 @ 30000 iter

